C:/Users/MAREO/STM32CubeIDE/stm32g474_examples/HRTIM_Basic_SinglePWM/Src/main.c:84:5:main	1
C:/Users/MAREO/STM32CubeIDE/stm32g474_examples/HRTIM_Basic_SinglePWM/Src/main.c:141:6:SystemClock_Config	3
C:/Users/MAREO/STM32CubeIDE/stm32g474_examples/HRTIM_Basic_SinglePWM/Src/main.c:187:13:MX_HRTIM1_Init	9
C:/Users/MAREO/STM32CubeIDE/stm32g474_examples/HRTIM_Basic_SinglePWM/Src/main.c:289:13:MX_GPIO_Init	1
C:/Users/MAREO/STM32CubeIDE/stm32g474_examples/HRTIM_Basic_SinglePWM/Src/main.c:341:6:Error_Handler	1
