C:/Users/MAREO/STM32CubeIDE/stm32g474_examples/HRTIM_Basic_SinglePWM/Src/main.c:84:5:main	1
C:/Users/MAREO/STM32CubeIDE/stm32g474_examples/HRTIM_Basic_SinglePWM/Src/main.c:143:6:SystemClock_Config	3
C:/Users/MAREO/STM32CubeIDE/stm32g474_examples/HRTIM_Basic_SinglePWM/Src/main.c:189:13:MX_HRTIM1_Init	10
C:/Users/MAREO/STM32CubeIDE/stm32g474_examples/HRTIM_Basic_SinglePWM/Src/main.c:296:13:MX_GPIO_Init	1
C:/Users/MAREO/STM32CubeIDE/stm32g474_examples/HRTIM_Basic_SinglePWM/Src/main.c:348:6:Error_Handler	1
