Archive member included to satisfy reference by file (symbol)

C:/ST/STM32CubeIDE_1.17.0/STM32CubeIDE/plugins/com.st.stm32cube.ide.mcu.externaltools.gnu-tools-for-stm32.12.3.rel1.win32_1.1.0.202410251130/tools/bin/../lib/gcc/arm-none-eabi/12.3.1/../../../../arm-none-eabi/lib/thumb/v7e-m+fp/hard\libc_nano.a(libc_a-exit.o)
                              C:/ST/STM32CubeIDE_1.17.0/STM32CubeIDE/plugins/com.st.stm32cube.ide.mcu.externaltools.gnu-tools-for-stm32.12.3.rel1.win32_1.1.0.202410251130/tools/bin/../lib/gcc/arm-none-eabi/12.3.1/../../../../arm-none-eabi/lib/thumb/v7e-m+fp/hard/crt0.o (exit)
C:/ST/STM32CubeIDE_1.17.0/STM32CubeIDE/plugins/com.st.stm32cube.ide.mcu.externaltools.gnu-tools-for-stm32.12.3.rel1.win32_1.1.0.202410251130/tools/bin/../lib/gcc/arm-none-eabi/12.3.1/../../../../arm-none-eabi/lib/thumb/v7e-m+fp/hard\libc_nano.a(libc_a-findfp.o)
                              C:/ST/STM32CubeIDE_1.17.0/STM32CubeIDE/plugins/com.st.stm32cube.ide.mcu.externaltools.gnu-tools-for-stm32.12.3.rel1.win32_1.1.0.202410251130/tools/bin/../lib/gcc/arm-none-eabi/12.3.1/../../../../arm-none-eabi/lib/thumb/v7e-m+fp/hard\libc_nano.a(libc_a-exit.o) (__stdio_exit_handler)
C:/ST/STM32CubeIDE_1.17.0/STM32CubeIDE/plugins/com.st.stm32cube.ide.mcu.externaltools.gnu-tools-for-stm32.12.3.rel1.win32_1.1.0.202410251130/tools/bin/../lib/gcc/arm-none-eabi/12.3.1/../../../../arm-none-eabi/lib/thumb/v7e-m+fp/hard\libc_nano.a(libc_a-fwalk.o)
                              C:/ST/STM32CubeIDE_1.17.0/STM32CubeIDE/plugins/com.st.stm32cube.ide.mcu.externaltools.gnu-tools-for-stm32.12.3.rel1.win32_1.1.0.202410251130/tools/bin/../lib/gcc/arm-none-eabi/12.3.1/../../../../arm-none-eabi/lib/thumb/v7e-m+fp/hard\libc_nano.a(libc_a-findfp.o) (_fwalk_sglue)
C:/ST/STM32CubeIDE_1.17.0/STM32CubeIDE/plugins/com.st.stm32cube.ide.mcu.externaltools.gnu-tools-for-stm32.12.3.rel1.win32_1.1.0.202410251130/tools/bin/../lib/gcc/arm-none-eabi/12.3.1/../../../../arm-none-eabi/lib/thumb/v7e-m+fp/hard\libc_nano.a(libc_a-stdio.o)
                              C:/ST/STM32CubeIDE_1.17.0/STM32CubeIDE/plugins/com.st.stm32cube.ide.mcu.externaltools.gnu-tools-for-stm32.12.3.rel1.win32_1.1.0.202410251130/tools/bin/../lib/gcc/arm-none-eabi/12.3.1/../../../../arm-none-eabi/lib/thumb/v7e-m+fp/hard\libc_nano.a(libc_a-findfp.o) (__sread)
C:/ST/STM32CubeIDE_1.17.0/STM32CubeIDE/plugins/com.st.stm32cube.ide.mcu.externaltools.gnu-tools-for-stm32.12.3.rel1.win32_1.1.0.202410251130/tools/bin/../lib/gcc/arm-none-eabi/12.3.1/../../../../arm-none-eabi/lib/thumb/v7e-m+fp/hard\libc_nano.a(libc_a-memset.o)
                              C:/ST/STM32CubeIDE_1.17.0/STM32CubeIDE/plugins/com.st.stm32cube.ide.mcu.externaltools.gnu-tools-for-stm32.12.3.rel1.win32_1.1.0.202410251130/tools/bin/../lib/gcc/arm-none-eabi/12.3.1/../../../../arm-none-eabi/lib/thumb/v7e-m+fp/hard/crt0.o (memset)
C:/ST/STM32CubeIDE_1.17.0/STM32CubeIDE/plugins/com.st.stm32cube.ide.mcu.externaltools.gnu-tools-for-stm32.12.3.rel1.win32_1.1.0.202410251130/tools/bin/../lib/gcc/arm-none-eabi/12.3.1/../../../../arm-none-eabi/lib/thumb/v7e-m+fp/hard\libc_nano.a(libc_a-closer.o)
                              C:/ST/STM32CubeIDE_1.17.0/STM32CubeIDE/plugins/com.st.stm32cube.ide.mcu.externaltools.gnu-tools-for-stm32.12.3.rel1.win32_1.1.0.202410251130/tools/bin/../lib/gcc/arm-none-eabi/12.3.1/../../../../arm-none-eabi/lib/thumb/v7e-m+fp/hard\libc_nano.a(libc_a-stdio.o) (_close_r)
C:/ST/STM32CubeIDE_1.17.0/STM32CubeIDE/plugins/com.st.stm32cube.ide.mcu.externaltools.gnu-tools-for-stm32.12.3.rel1.win32_1.1.0.202410251130/tools/bin/../lib/gcc/arm-none-eabi/12.3.1/../../../../arm-none-eabi/lib/thumb/v7e-m+fp/hard\libc_nano.a(libc_a-reent.o)
                              C:/ST/STM32CubeIDE_1.17.0/STM32CubeIDE/plugins/com.st.stm32cube.ide.mcu.externaltools.gnu-tools-for-stm32.12.3.rel1.win32_1.1.0.202410251130/tools/bin/../lib/gcc/arm-none-eabi/12.3.1/../../../../arm-none-eabi/lib/thumb/v7e-m+fp/hard\libc_nano.a(libc_a-closer.o) (errno)
C:/ST/STM32CubeIDE_1.17.0/STM32CubeIDE/plugins/com.st.stm32cube.ide.mcu.externaltools.gnu-tools-for-stm32.12.3.rel1.win32_1.1.0.202410251130/tools/bin/../lib/gcc/arm-none-eabi/12.3.1/../../../../arm-none-eabi/lib/thumb/v7e-m+fp/hard\libc_nano.a(libc_a-impure.o)
                              C:/ST/STM32CubeIDE_1.17.0/STM32CubeIDE/plugins/com.st.stm32cube.ide.mcu.externaltools.gnu-tools-for-stm32.12.3.rel1.win32_1.1.0.202410251130/tools/bin/../lib/gcc/arm-none-eabi/12.3.1/../../../../arm-none-eabi/lib/thumb/v7e-m+fp/hard\libc_nano.a(libc_a-reent.o) (_impure_ptr)
C:/ST/STM32CubeIDE_1.17.0/STM32CubeIDE/plugins/com.st.stm32cube.ide.mcu.externaltools.gnu-tools-for-stm32.12.3.rel1.win32_1.1.0.202410251130/tools/bin/../lib/gcc/arm-none-eabi/12.3.1/../../../../arm-none-eabi/lib/thumb/v7e-m+fp/hard\libc_nano.a(libc_a-lseekr.o)
[...]
Memory Configuration

Name             Origin             Length             Attributes
RAM              0x20000000         0x00020000         xrw
FLASH            0x08000000         0x00080000         xr
*default*        0x00000000         0xffffffff

Linker script and memory map

LOAD C:/ST/STM32CubeIDE_1.17.0/STM32CubeIDE/plugins/com.st.stm32cube.ide.mcu.externaltools.gnu-tools-for-stm32.12.3.rel1.win32_1.1.0.202410251130/tools/bin/../lib/gcc/arm-none-eabi/12.3.1/thumb/v7e-m+fp/hard/crti.o
LOAD C:/ST/STM32CubeIDE_1.17.0/STM32CubeIDE/plugins/com.st.stm32cube.ide.mcu.externaltools.gnu-tools-for-stm32.12.3.rel1.win32_1.1.0.202410251130/tools/bin/../lib/gcc/arm-none-eabi/12.3.1/thumb/v7e-m+fp/hard/crtbegin.o
LOAD C:/ST/STM32CubeIDE_1.17.0/STM32CubeIDE/plugins/com.st.stm32cube.ide.mcu.externaltools.gnu-tools-for-stm32.12.3.rel1.win32_1.1.0.202410251130/tools/bin/../lib/gcc/arm-none-eabi/12.3.1/../../../../arm-none-eabi/lib/thumb/v7e-m+fp/hard/crt0.o
LOAD ./Application/Startup/startup_stm32g474retx.o
LOAD ./Application/User/main.o
LOAD ./Application/User/stm32g4xx_it.o
LOAD ./Application/User/syscalls.o
LOAD ./Application/User/sysmem.o
LOAD ./Drivers/CMSIS/system_stm32g4xx.o
LOAD ./Drivers/STM32G4xx_HAL_Driver/stm32g4xx_ll_dma.o
LOAD ./Drivers/STM32G4xx_HAL_Driver/stm32g4xx_ll_exti.o
LOAD ./Drivers/STM32G4xx_HAL_Driver/stm32g4xx_ll_gpio.o
LOAD ./Drivers/STM32G4xx_HAL_Driver/stm32g4xx_ll_hrtim.o
LOAD ./Drivers/STM32G4xx_HAL_Driver/stm32g4xx_ll_pwr.o
LOAD ./Drivers/STM32G4xx_HAL_Driver/stm32g4xx_ll_utils.o
START GROUP
LOAD C:/ST/STM32CubeIDE_1.17.0/STM32CubeIDE/plugins/com.st.stm32cube.ide.mcu.externaltools.gnu-tools-for-stm32.12.3.rel1.win32_1.1.0.202410251130/tools/bin/../lib/gcc/arm-none-eabi/12.3.1/../../../../arm-none-eabi/lib/thumb/v7e-m+fp/hard\libc_nano.a
LOAD C:/ST/STM32CubeIDE_1.17.0/STM32CubeIDE/plugins/com.st.stm32cube.ide.mcu.externaltools.gnu-tools-for-stm32.12.3.rel1.win32_1.1.0.202410251130/tools/bin/../lib/gcc/arm-none-eabi/12.3.1/../../../../arm-none-eabi/lib/thumb/v7e-m+fp/hard\libm.a
END GROUP
START GROUP
LOAD C:/ST/STM32CubeIDE_1.17.0/STM32CubeIDE/plugins/com.st.stm32cube.ide.mcu.externaltools.gnu-tools-for-stm32.12.3.rel1.win32_1.1.0.202410251130/tools/bin/../lib/gcc/arm-none-eabi/12.3.1/thumb/v7e-m+fp/hard\libgcc.a
LOAD C:/ST/STM32CubeIDE_1.17.0/STM32CubeIDE/plugins/com.st.stm32cube.ide.mcu.externaltools.gnu-tools-for-stm32.12.3.rel1.win32_1.1.0.202410251130/tools/bin/../lib/gcc/arm-none-eabi/12.3.1/../../../../arm-none-eabi/lib/thumb/v7e-m+fp/hard\libc_nano.a
END GROUP
START GROUP
LOAD C:/ST/STM32CubeIDE_1.17.0/STM32CubeIDE/plugins/com.st.stm32cube.ide.mcu.externaltools.gnu-tools-for-stm32.12.3.rel1.win32_1.1.0.202410251130/tools/bin/../lib/gcc/arm-none-eabi/12.3.1/thumb/v7e-m+fp/hard\libgcc.a
LOAD C:/ST/STM32CubeIDE_1.17.0/STM32CubeIDE/plugins/com.st.stm32cube.ide.mcu.externaltools.gnu-tools-for-stm32.12.3.rel1.win32_1.1.0.202410251130/tools/bin/../lib/gcc/arm-none-eabi/12.3.1/../../../../arm-none-eabi/lib/thumb/v7e-m+fp/hard\libc_nano.a
LOAD C:/ST/STM32CubeIDE_1.17.0/STM32CubeIDE/plugins/com.st.stm32cube.ide.mcu.externaltools.gnu-tools-for-stm32.12.3.rel1.win32_1.1.0.202410251130/tools/bin/../lib/gcc/arm-none-eabi/12.3.1/../../../../arm-none-eabi/lib/thumb/v7e-m+fp/hard\libnosys.a
END GROUP
START GROUP
LOAD C:/ST/STM32CubeIDE_1.17.0/STM32CubeIDE/plugins/com.st.stm32cube.ide.mcu.externaltools.gnu-tools-for-stm32.12.3.rel1.win32_1.1.0.202410251130/tools/bin/../lib/gcc/arm-none-eabi/12.3.1/thumb/v7e-m+fp/hard\libgcc.a
LOAD C:/ST/STM32CubeIDE_1.17.0/STM32CubeIDE/plugins/com.st.stm32cube.ide.mcu.externaltools.gnu-tools-for-stm32.12.3.rel1.win32_1.1.0.202410251130/tools/bin/../lib/gcc/arm-none-eabi/12.3.1/../../../../arm-none-eabi/lib/thumb/v7e-m+fp/hard\libc_nano.a
LOAD C:/ST/STM32CubeIDE_1.17.0/STM32CubeIDE/plugins/com.st.stm32cube.ide.mcu.externaltools.gnu-tools-for-stm32.12.3.rel1.win32_1.1.0.202410251130/tools/bin/../lib/gcc/arm-none-eabi/12.3.1/../../../../arm-none-eabi/lib/thumb/v7e-m+fp/hard\libnosys.a
END GROUP
LOAD C:/ST/STM32CubeIDE_1.17.0/STM32CubeIDE/plugins/com.st.stm32cube.ide.mcu.externaltools.gnu-tools-for-stm32.12.3.rel1.win32_1.1.0.202410251130/tools/bin/../lib/gcc/arm-none-eabi/12.3.1/thumb/v7e-m+fp/hard/crtend.o
LOAD C:/ST/STM32CubeIDE_1.17.0/STM32CubeIDE/plugins/com.st.stm32cube.ide.mcu.externaltools.gnu-tools-for-stm32.12.3.rel1.win32_1.1.0.202410251130/tools/bin/../lib/gcc/arm-none-eabi/12.3.1/thumb/v7e-m+fp/hard/crtn.o
                0x20020000                        _estack = (ORIGIN (RAM) + LENGTH (RAM))
                0x00000200                        _Min_Heap_Size = 0x200
                0x00000400                        _Min_Stack_Size = 0x400

.isr_vector     0x08000000      0x1d8
                0x08000000                        . = ALIGN (0x4)
 *(.isr_vector)
 .isr_vector    0x08000000      0x1d8 ./Application/Startup/startup_stm32g474retx.o
                0x08000000                g_pfnVectors
                0x080001d8                        . = ALIGN (0x4)

.text           0x080001d8     0x2700
                0x080001d8                        . = ALIGN (0x4)
 *(.text)
 .text          0x080001d8       0x40 C:/ST/STM32CubeIDE_1.17.0/STM32CubeIDE/plugins/com.st.stm32cube.ide.mcu.externaltools.gnu-tools-for-stm32.12.3.rel1.win32_1.1.0.202410251130/tools/bin/../lib/gcc/arm-none-eabi/12.3.1/thumb/v7e-m+fp/hard/crtbegin.o
 *(.text*)
 .text.Reset_Handler
                0x08000218       0x50 ./Application/Startup/startup_stm32g474retx.o
                0x08000218                Reset_Handler
 .text.Default_Handler
                0x08000268        0x2 ./Application/Startup/startup_stm32g474retx.o
                0x08000268                RTC_Alarm_IRQHandler
                0x08000268                EXTI2_IRQHandler
                0x08000268                TIM8_TRG_COM_IRQHandler
                0x08000268                TIM8_CC_IRQHandler
                0x08000268                HRTIM1_Master_IRQHandler
                0x08000268                SPI4_IRQHandler
                0x08000268                FDCAN3_IT0_IRQHandler
                0x08000268                TIM1_CC_IRQHandler
                0x08000268                HRTIM1_FLT_IRQHandler
                0x08000268                HRTIM1_TIMF_IRQHandler
                0x08000268                USB_HP_IRQHandler
                0x08000268                CORDIC_IRQHandler
                0x08000268                HRTIM1_TIMD_IRQHandler
                0x08000268                DMA2_Channel8_IRQHandler
                0x08000268                EXTI3_IRQHandler
                0x08000268                I2C3_ER_IRQHandler
                0x08000268                EXTI0_IRQHandler
                0x08000268                I2C2_EV_IRQHandler
                0x08000268                FPU_IRQHandler
                0x08000268                FDCAN1_IT1_IRQHandler
                0x08000268                TIM1_UP_TIM16_IRQHandler
                0x08000268                ADC1_2_IRQHandler
                0x08000268                HRTIM1_TIME_IRQHandler
                0x08000268                SPI1_IRQHandler
                0x08000268                TIM6_DAC_IRQHandler
                0x08000268                HRTIM1_TIMC_IRQHandler
                0x08000268                TIM8_UP_IRQHandler
                0x08000268                DMA2_Channel2_IRQHandler
                0x08000268                DMA1_Channel4_IRQHandler
                0x08000268                TIM20_TRG_COM_IRQHandler
                0x08000268                USART3_IRQHandler
                0x08000268                DMA1_Channel7_IRQHandler
                0x08000268                UART5_IRQHandler
                0x08000268                ADC3_IRQHandler
                0x08000268                TIM4_IRQHandler
                0x08000268                DMA2_Channel1_IRQHandler
                0x08000268                QUADSPI_IRQHandler
                0x08000268                I2C1_EV_IRQHandler
                0x08000268                DMA1_Channel6_IRQHandler
                0x08000268                UART4_IRQHandler
                0x08000268                DMA2_Channel4_IRQHandler
                0x08000268                TIM3_IRQHandler
                0x08000268                RCC_IRQHandler
                0x08000268                TIM20_UP_IRQHandler
                0x08000268                DMA1_Channel1_IRQHandler
                0x08000268                Default_Handler
                0x08000268                DMA2_Channel7_IRQHandler
                0x08000268                RTC_TAMP_LSECSS_IRQHandler
                0x08000268                FMAC_IRQHandler
                0x08000268                DMA1_Channel8_IRQHandler
                0x08000268                HRTIM1_TIMA_IRQHandler
                0x08000268                TIM7_DAC_IRQHandler
                0x08000268                FDCAN3_IT1_IRQHandler
                0x08000268                TIM5_IRQHandler
                0x08000268                UCPD1_IRQHandler
                0x08000268                I2C3_EV_IRQHandler
                0x08000268                EXTI9_5_IRQHandler
                0x08000268                RTC_WKUP_IRQHandler
                0x08000268                PVD_PVM_IRQHandler
                0x08000268                SPI2_IRQHandler
                0x08000268                ADC5_IRQHandler
                0x08000268                DMA2_Channel5_IRQHandler
                0x08000268                CRS_IRQHandler
                0x08000268                DMA1_Channel5_IRQHandler
                0x08000268                USB_LP_IRQHandler
                0x08000268                EXTI4_IRQHandler
                0x08000268                RNG_IRQHandler
                0x08000268                HRTIM1_TIMB_IRQHandler
                0x08000268                TIM1_TRG_COM_TIM17_IRQHandler
                0x08000268                FDCAN2_IT1_IRQHandler
                0x08000268                DMA1_Channel3_IRQHandler
                0x08000268                ADC4_IRQHandler
                0x08000268                WWDG_IRQHandler
                0x08000268                I2C4_EV_IRQHandler
                0x08000268                FDCAN2_IT0_IRQHandler
                0x08000268                LPUART1_IRQHandler
                0x08000268                DMA2_Channel6_IRQHandler
                0x08000268                FDCAN1_IT0_IRQHandler
                0x08000268                TIM2_IRQHandler
                0x08000268                COMP7_IRQHandler
                0x08000268                COMP1_2_3_IRQHandler
                0x08000268                EXTI1_IRQHandler
                0x08000268                USART2_IRQHandler
                0x08000268                COMP4_5_6_IRQHandler
                0x08000268                TIM20_BRK_IRQHandler
                0x08000268                I2C2_ER_IRQHandler
                0x08000268                DMA1_Channel2_IRQHandler
                0x08000268                TIM8_BRK_IRQHandler
                0x08000268                FLASH_IRQHandler
                0x08000268                TIM20_CC_IRQHandler
                0x08000268                USART1_IRQHandler
                0x08000268                SPI3_IRQHandler
                0x08000268                I2C1_ER_IRQHandler
                0x08000268                FMC_IRQHandler
                0x08000268                LPTIM1_IRQHandler
                0x08000268                DMAMUX_OVR_IRQHandler
                0x08000268                I2C4_ER_IRQHandler
                0x08000268                USBWakeUp_IRQHandler
                0x08000268                SAI1_IRQHandler
                0x08000268                DMA2_Channel3_IRQHandler
                0x08000268                TIM1_BRK_TIM15_IRQHandler
 *fill*         0x0800026a        0x2 
 .text.__NVIC_SetPriorityGrouping
                0x0800026c       0x48 ./Application/User/main.o
 .text.__NVIC_GetPriorityGrouping
                0x080002b4       0x1c ./Application/User/main.o
 .text.__NVIC_EnableIRQ
                0x080002d0       0x3c ./Application/User/main.o
 .text.__NVIC_SetPriority
                0x0800030c       0x54 ./Application/User/main.o
 .text.NVIC_EncodePriority
                0x08000360       0x66 ./Application/User/main.o
 .text.LL_HRTIM_ForceUpdate
                0x080003c6       0x2c ./Application/User/main.o
 .text.LL_HRTIM_EnableOutput
                0x080003f2       0x2a ./Application/User/main.o
 .text.LL_HRTIM_ConfigDLLCalibration
                0x0800041c       0x30 ./Application/User/main.o
 .text.LL_HRTIM_TIM_CounterEnable
                0x0800044c       0x22 ./Application/User/main.o
 *fill*         0x0800046e        0x2 
 .text.LL_HRTIM_TIM_SetPrescaler
                0x08000470       0x64 ./Application/User/main.o
 .text.LL_HRTIM_TIM_SetCounterMode
                0x080004d4       0x64 ./Application/User/main.o
 .text.LL_HRTIM_TIM_DisableHalfMode
                0x08000538       0x7c ./Application/User/main.o
 .text.LL_HRTIM_TIM_DisableResyncUpdate
                0x080005b4       0x60 ./Application/User/main.o
 .text.LL_HRTIM_TIM_SetInterleavedMode
                0x08000614       0x88 ./Application/User/main.o
 .text.LL_HRTIM_TIM_DisableStartOnSync
                0x0800069c       0x60 ./Application/User/main.o
 .text.LL_HRTIM_TIM_DisableResetOnSync
                0x080006fc       0x60 ./Application/User/main.o
 .text.LL_HRTIM_TIM_SetDACTrig
                0x0800075c       0x64 ./Application/User/main.o
 .text.LL_HRTIM_TIM_DisablePreload
                0x080007c0       0x60 ./Application/User/main.o
 .text.LL_HRTIM_TIM_SetUpdateTrig
                0x08000820       0x80 ./Application/User/main.o
 .text.LL_HRTIM_TIM_SetUpdateGating
                0x080008a0       0x80 ./Application/User/main.o
 .text.LL_HRTIM_TIM_DisablePushPullMode
                0x08000920       0x60 ./Application/User/main.o
 .text.LL_HRTIM_TIM_SetCompareMode
                0x08000980       0xc8 ./Application/User/main.o
 .text.LL_HRTIM_TIM_SetPeriod
                0x08000a48       0x68 ./Application/User/main.o
 .text.LL_HRTIM_TIM_SetRepetition
                0x08000ab0       0x68 ./Application/User/main.o
 .text.LL_HRTIM_TIM_SetCompare1
                0x08000b18       0x68 ./Application/User/main.o
 .text.LL_HRTIM_TIM_SetCompare2
                0x08000b80       0x68 ./Application/User/main.o
 .text.LL_HRTIM_TIM_SetCompare3
                0x08000be8       0x68 ./Application/User/main.o
 .text.LL_HRTIM_TIM_SetResetTrig
                0x08000c50       0x5c ./Application/User/main.o
 .text.LL_HRTIM_TIM_DisableDeadTime
                0x08000cac       0x60 ./Application/User/main.o
 .text.LL_HRTIM_TIM_SetBurstModeOption
                0x08000d0c       0x60 ./Application/User/main.o
 .text.LL_HRTIM_TIM_SetTriggeredHalfMode
                0x08000d6c       0x8c ./Application/User/main.o
 .text.LL_HRTIM_TIM_SetComp1Mode
                0x08000df8       0x8c ./Application/User/main.o
 .text.LL_HRTIM_TIM_SetComp3Mode
                0x08000e84       0x8c ./Application/User/main.o
 .text.LL_HRTIM_TIM_SetCountingMode
                0x08000f10       0x8c ./Application/User/main.o
 .text.LL_HRTIM_OUT_SetOutputSetSrc
                0x08000f9c       0x80 ./Application/User/main.o
 .text.LL_HRTIM_OUT_SetOutputResetSrc
                0x0800101c       0x80 ./Application/User/main.o
 .text.LL_HRTIM_OUT_SetPolarity
                0x0800109c       0xa8 ./Application/User/main.o
 .text.LL_HRTIM_OUT_SetIdleMode
                0x08001144       0xa8 ./Application/User/main.o
 .text.LL_HRTIM_OUT_SetIdleLevel
                0x080011ec       0xa8 ./Application/User/main.o
 .text.LL_HRTIM_OUT_SetFaultState
                0x08001294       0xa8 ./Application/User/main.o
 .text.LL_HRTIM_OUT_SetChopperMode
                0x0800133c       0xa8 ./Application/User/main.o
 .text.LL_HRTIM_IsActiveFlag_DLLRDY
                0x080013e4       0x2a ./Application/User/main.o
 *fill*         0x0800140e        0x2 
 .text.LL_RCC_HSE_Enable
                0x08001410       0x20 ./Application/User/main.o
 .text.LL_RCC_HSE_IsReady
                0x08001430       0x28 ./Application/User/main.o
 .text.LL_RCC_SetSysClkSource
                0x08001458       0x28 ./Application/User/main.o
 .text.LL_RCC_GetSysClkSource
                0x08001480       0x1c ./Application/User/main.o
 .text.LL_RCC_SetAHBPrescaler
                0x0800149c       0x28 ./Application/User/main.o
 .text.LL_RCC_SetAPB1Prescaler
                0x080014c4       0x28 ./Application/User/main.o
 .text.LL_RCC_SetAPB2Prescaler
                0x080014ec       0x28 ./Application/User/main.o
 .text.LL_RCC_PLL_Enable
                0x08001514       0x20 ./Application/User/main.o
 .text.LL_RCC_PLL_IsReady
                0x08001534       0x28 ./Application/User/main.o
 .text.LL_RCC_PLL_ConfigDomain_SYS
                0x0800155c       0x40 ./Application/User/main.o
 .text.LL_RCC_PLL_EnableDomain_SYS
                0x0800159c       0x20 ./Application/User/main.o
 .text.LL_AHB2_GRP1_EnableClock
                0x080015bc       0x30 ./Application/User/main.o
 .text.LL_APB1_GRP1_EnableClock
                0x080015ec       0x30 ./Application/User/main.o
 .text.LL_APB2_GRP1_EnableClock
                0x0800161c       0x30 ./Application/User/main.o
 .text.LL_SYSCFG_SetEXTISource
                0x0800164c       0x70 ./Application/User/main.o
 .text.LL_FLASH_SetLatency
                0x080016bc       0x28 ./Application/User/main.o
 .text.LL_FLASH_GetLatency
                0x080016e4       0x1c ./Application/User/main.o
 .text.LL_PWR_EnableRange1BoostMode
                0x08001700       0x24 ./Application/User/main.o
 .text.LL_PWR_DisableUCPDDeadBattery
                0x08001724       0x20 ./Application/User/main.o
 .text.LL_GPIO_SetPinMode
                0x08001744       0x7a ./Application/User/main.o
 .text.LL_GPIO_SetPinPull
                0x080017be       0x7a ./Application/User/main.o
 .text.LL_GPIO_ResetOutputPin
                0x08001838       0x1c ./Application/User/main.o
 .text.LL_GPIO_TogglePin
                0x08001854       0x32 ./Application/User/main.o
 *fill*         0x08001886        0x2 
 .text.main     0x08001888       0x54 ./Application/User/main.o
                0x08001888                main
 .text.SystemClock_Config
                0x080018dc       0xa0 ./Application/User/main.o
                0x080018dc                SystemClock_Config
 .text.MX_HRTIM1_Init
                0x0800197c      0x464 ./Application/User/main.o
 .text.MX_GPIO_Init
                0x08001de0      0x11c ./Application/User/main.o
 .text.LL_EXTI_IsActiveFlag_0_31
                0x08001efc       0x2c ./Application/User/stm32g4xx_it.o
 .text.LL_EXTI_ClearFlag_0_31
                0x08001f28       0x20 ./Application/User/stm32g4xx_it.o
 .text.NMI_Handler
                0x08001f48        0xe ./Application/User/stm32g4xx_it.o
                0x08001f48                NMI_Handler
 .text.HardFault_Handler
                0x08001f56        0x8 ./Application/User/stm32g4xx_it.o
                0x08001f56                HardFault_Handler
 .text.MemManage_Handler
                0x08001f5e        0x8 ./Application/User/stm32g4xx_it.o
                0x08001f5e                MemManage_Handler
 .text.BusFault_Handler
                0x08001f66        0x8 ./Application/User/stm32g4xx_it.o
                0x08001f66                BusFault_Handler
 .text.UsageFault_Handler
                0x08001f6e        0x8 ./Application/User/stm32g4xx_it.o
                0x08001f6e                UsageFault_Handler
 .text.SVC_Handler
                0x08001f76        0xe ./Application/User/stm32g4xx_it.o
                0x08001f76                SVC_Handler
 .text.DebugMon_Handler
                0x08001f84        0xe ./Application/User/stm32g4xx_it.o
                0x08001f84                DebugMon_Handler
 .text.PendSV_Handler
                0x08001f92        0xe ./Application/User/stm32g4xx_it.o
                0x08001f92                PendSV_Handler
 .text.SysTick_Handler
                0x08001fa0        0xe ./Application/User/stm32g4xx_it.o
                0x08001fa0                SysTick_Handler
 .text.EXTI15_10_IRQHandler
                0x08001fae       0x1e ./Application/User/stm32g4xx_it.o
                0x08001fae                EXTI15_10_IRQHandler
 .text.SystemInit
                0x08001fcc       0x2c ./Drivers/CMSIS/system_stm32g4xx.o
                0x08001fcc                SystemInit
 .text.LL_EXTI_EnableIT_0_31
                0x08001ff8       0x24 ./Drivers/STM32G4xx_HAL_Driver/stm32g4xx_ll_exti.o
 .text.LL_EXTI_EnableIT_32_63
                0x0800201c       0x24 ./Drivers/STM32G4xx_HAL_Driver/stm32g4xx_ll_exti.o
 .text.LL_EXTI_DisableIT_0_31
                0x08002040       0x28 ./Drivers/STM32G4xx_HAL_Driver/stm32g4xx_ll_exti.o
 .text.LL_EXTI_DisableIT_32_63
                0x08002068       0x28 ./Drivers/STM32G4xx_HAL_Driver/stm32g4xx_ll_exti.o
 .text.LL_EXTI_EnableEvent_0_31
                0x08002090       0x24 ./Drivers/STM32G4xx_HAL_Driver/stm32g4xx_ll_exti.o
 .text.LL_EXTI_EnableEvent_32_63
                0x080020b4       0x24 ./Drivers/STM32G4xx_HAL_Driver/stm32g4xx_ll_exti.o
 .text.LL_EXTI_DisableEvent_0_31
                0x080020d8       0x28 ./Drivers/STM32G4xx_HAL_Driver/stm32g4xx_ll_exti.o
 .text.LL_EXTI_DisableEvent_32_63
                0x08002100       0x28 ./Drivers/STM32G4xx_HAL_Driver/stm32g4xx_ll_exti.o
 .text.LL_EXTI_EnableRisingTrig_0_31
                0x08002128       0x24 ./Drivers/STM32G4xx_HAL_Driver/stm32g4xx_ll_exti.o
 .text.LL_EXTI_EnableRisingTrig_32_63
                0x0800214c       0x24 ./Drivers/STM32G4xx_HAL_Driver/stm32g4xx_ll_exti.o
 .text.LL_EXTI_DisableRisingTrig_0_31
                0x08002170       0x28 ./Drivers/STM32G4xx_HAL_Driver/stm32g4xx_ll_exti.o
 .text.LL_EXTI_DisableRisingTrig_32_63
                0x08002198       0x28 ./Drivers/STM32G4xx_HAL_Driver/stm32g4xx_ll_exti.o
 .text.LL_EXTI_EnableFallingTrig_0_31
                0x080021c0       0x24 ./Drivers/STM32G4xx_HAL_Driver/stm32g4xx_ll_exti.o
 .text.LL_EXTI_EnableFallingTrig_32_63
                0x080021e4       0x24 ./Drivers/STM32G4xx_HAL_Driver/stm32g4xx_ll_exti.o
 .text.LL_EXTI_DisableFallingTrig_0_31
                0x08002208       0x28 ./Drivers/STM32G4xx_HAL_Driver/stm32g4xx_ll_exti.o
 .text.LL_EXTI_DisableFallingTrig_32_63
                0x08002230       0x28 ./Drivers/STM32G4xx_HAL_Driver/stm32g4xx_ll_exti.o
 .text.LL_EXTI_Init
                0x08002258      0x1ec ./Drivers/STM32G4xx_HAL_Driver/stm32g4xx_ll_exti.o
                0x08002258                LL_EXTI_Init
 .text.LL_GPIO_SetPinMode
                0x08002444       0x7a ./Drivers/STM32G4xx_HAL_Driver/stm32g4xx_ll_gpio.o
 .text.LL_GPIO_SetPinOutputType
                0x080024be       0x30 ./Drivers/STM32G4xx_HAL_Driver/stm32g4xx_ll_gpio.o
 .text.LL_GPIO_SetPinSpeed
                0x080024ee       0x7a ./Drivers/STM32G4xx_HAL_Driver/stm32g4xx_ll_gpio.o
 .text.LL_GPIO_SetPinPull
                0x08002568       0x7a ./Drivers/STM32G4xx_HAL_Driver/stm32g4xx_ll_gpio.o
 .text.LL_GPIO_SetAFPin_0_7
                0x080025e2       0x7a ./Drivers/STM32G4xx_HAL_Driver/stm32g4xx_ll_gpio.o
 .text.LL_GPIO_SetAFPin_8_15
                0x0800265c       0x7e ./Drivers/STM32G4xx_HAL_Driver/stm32g4xx_ll_gpio.o
 .text.LL_GPIO_Init
                0x080026da       0xdc ./Drivers/STM32G4xx_HAL_Driver/stm32g4xx_ll_gpio.o
                0x080026da                LL_GPIO_Init
 *fill*         0x080027b6        0x2 
 .text.LL_InitTick
                0x080027b8       0x34 ./Drivers/STM32G4xx_HAL_Driver/stm32g4xx_ll_utils.o
 .text.LL_Init1msTick
                0x080027ec       0x1a ./Drivers/STM32G4xx_HAL_Driver/stm32g4xx_ll_utils.o
                0x080027ec                LL_Init1msTick
 *fill*         0x08002806        0x2 
 .text.LL_mDelay
                0x08002808       0x50 ./Drivers/STM32G4xx_HAL_Driver/stm32g4xx_ll_utils.o
                0x08002808                LL_mDelay
 .text.LL_SetSystemCoreClock
                0x08002858       0x20 ./Drivers/STM32G4xx_HAL_Driver/stm32g4xx_ll_utils.o
                0x08002858                LL_SetSystemCoreClock
 .text.__libc_init_array
                0x08002878       0x48 C:/ST/STM32CubeIDE_1.17.0/STM32CubeIDE/plugins/com.st.stm32cube.ide.mcu.externaltools.gnu-tools-for-stm32.12.3.rel1.win32_1.1.0.202410251130/tools/bin/../lib/gcc/arm-none-eabi/12.3.1/../../../../arm-none-eabi/lib/thumb/v7e-m+fp/hard\libc_nano.a(libc_a-init.o)
                0x08002878                __libc_init_array
 *(.glue_7)
 .glue_7        0x080028c0        0x0 linker stubs
 *(.glue_7t)
 .glue_7t       0x080028c0        0x0 linker stubs
 *(.eh_frame)
 .eh_frame      0x080028c0        0x0 C:/ST/STM32CubeIDE_1.17.0/STM32CubeIDE/plugins/com.st.stm32cube.ide.mcu.externaltools.gnu-tools-for-stm32.12.3.rel1.win32_1.1.0.202410251130/tools/bin/../lib/gcc/arm-none-eabi/12.3.1/thumb/v7e-m+fp/hard/crtbegin.o
 *(.init)
 .init          0x080028c0        0x4 C:/ST/STM32CubeIDE_1.17.0/STM32CubeIDE/plugins/com.st.stm32cube.ide.mcu.externaltools.gnu-tools-for-stm32.12.3.rel1.win32_1.1.0.202410251130/tools/bin/../lib/gcc/arm-none-eabi/12.3.1/thumb/v7e-m+fp/hard/crti.o
                0x080028c0                _init
 .init          0x080028c4        0x8 C:/ST/STM32CubeIDE_1.17.0/STM32CubeIDE/plugins/com.st.stm32cube.ide.mcu.externaltools.gnu-tools-for-stm32.12.3.rel1.win32_1.1.0.202410251130/tools/bin/../lib/gcc/arm-none-eabi/12.3.1/thumb/v7e-m+fp/hard/crtn.o
 *(.fini)
 .fini          0x080028cc        0x4 C:/ST/STM32CubeIDE_1.17.0/STM32CubeIDE/plugins/com.st.stm32cube.ide.mcu.externaltools.gnu-tools-for-stm32.12.3.rel1.win32_1.1.0.202410251130/tools/bin/../lib/gcc/arm-none-eabi/12.3.1/thumb/v7e-m+fp/hard/crti.o
                0x080028cc                _fini
 .fini          0x080028d0        0x8 C:/ST/STM32CubeIDE_1.17.0/STM32CubeIDE/plugins/com.st.stm32cube.ide.mcu.externaltools.gnu-tools-for-stm32.12.3.rel1.win32_1.1.0.202410251130/tools/bin/../lib/gcc/arm-none-eabi/12.3.1/thumb/v7e-m+fp/hard/crtn.o
                0x080028d8                        . = ALIGN (0x4)
                0x080028d8                        _etext = .

.vfp11_veneer   0x080028d8        0x0
 .vfp11_veneer  0x080028d8        0x0 linker stubs

.v4_bx          0x080028d8        0x0
 .v4_bx         0x080028d8        0x0 linker stubs

.iplt           0x080028d8        0x0
 .iplt          0x080028d8        0x0 C:/ST/STM32CubeIDE_1.17.0/STM32CubeIDE/plugins/com.st.stm32cube.ide.mcu.externaltools.gnu-tools-for-stm32.12.3.rel1.win32_1.1.0.202410251130/tools/bin/../lib/gcc/arm-none-eabi/12.3.1/thumb/v7e-m+fp/hard/crtbegin.o

.rodata         0x080028d8       0xbc
                0x080028d8                        . = ALIGN (0x4)
 *(.rodata)
 *(.rodata*)
 .rodata.REG_OFFSET_TAB_TIMER
                0x080028d8        0xe ./Application/User/main.o
 *fill*         0x080028e6        0x2 
 .rodata.REG_OFFSET_TAB_SETxR
                0x080028e8       0x18 ./Application/User/main.o
 .rodata.REG_OFFSET_TAB_OUTxR
                0x08002900       0x18 ./Application/User/main.o
 .rodata.REG_MASK_TAB_UPDATETRIG
                0x08002918       0x20 ./Application/User/main.o
 .rodata.REG_SHIFT_TAB_UPDATETRIG
                0x08002938        0x7 ./Application/User/main.o
 *fill*         0x0800293f        0x1 
 .rodata.REG_MASK_TAB_UPDATEGATING
                0x08002940       0x1c ./Application/User/main.o
 .rodata.REG_SHIFT_TAB_UPDATEGATING
                0x0800295c        0x7 ./Application/User/main.o
 *fill*         0x08002963        0x1 
 .rodata.REG_SHIFT_TAB_OUTxR
                0x08002964        0xc ./Application/User/main.o
 .rodata.REG_SHIFT_TAB_INTLVD
                0x08002970        0x7 ./Application/User/main.o
 *fill*         0x08002977        0x1 
 .rodata.REG_MASK_TAB_INTLVD
                0x08002978       0x1c ./Application/User/main.o
                0x08002994                        . = ALIGN (0x4)

.ARM.extab      0x08002994        0x0
                0x08002994                        . = ALIGN (0x4)
 *(.ARM.extab* .gnu.linkonce.armextab.*)
                0x08002994                        . = ALIGN (0x4)

.ARM            0x08002994        0x0
                0x08002994                        . = ALIGN (0x4)
                0x08002994                        __exidx_start = .
 *(.ARM.exidx*)
                0x08002994                        __exidx_end = .
                0x08002994                        . = ALIGN (0x4)

.preinit_array  0x08002994        0x0
                0x08002994                        . = ALIGN (0x4)
                0x08002994                        PROVIDE (__preinit_array_start = .)
 *(.preinit_array*)
                0x08002994                        PROVIDE (__preinit_array_end = .)
                0x08002994                        . = ALIGN (0x4)

.init_array     0x08002994        0x4
                0x08002994                        . = ALIGN (0x4)
                0x08002994                        PROVIDE (__init_array_start = .)
 *(SORT_BY_NAME(.init_array.*))
 *(.init_array*)
 .init_array    0x08002994        0x4 C:/ST/STM32CubeIDE_1.17.0/STM32CubeIDE/plugins/com.st.stm32cube.ide.mcu.externaltools.gnu-tools-for-stm32.12.3.rel1.win32_1.1.0.202410251130/tools/bin/../lib/gcc/arm-none-eabi/12.3.1/thumb/v7e-m+fp/hard/crtbegin.o
                0x08002998                        PROVIDE (__init_array_end = .)
                0x08002998                        . = ALIGN (0x4)

.fini_array     0x08002998        0x4
                0x08002998                        . = ALIGN (0x4)
                [!provide]                        PROVIDE (__fini_array_start = .)
 *(SORT_BY_NAME(.fini_array.*))
 *(.fini_array*)
 .fini_array    0x08002998        0x4 C:/ST/STM32CubeIDE_1.17.0/STM32CubeIDE/plugins/com.st.stm32cube.ide.mcu.externaltools.gnu-tools-for-stm32.12.3.rel1.win32_1.1.0.202410251130/tools/bin/../lib/gcc/arm-none-eabi/12.3.1/thumb/v7e-m+fp/hard/crtbegin.o
                [!provide]                        PROVIDE (__fini_array_end = .)
                0x0800299c                        . = ALIGN (0x4)
                0x0800299c                        _sidata = LOADADDR (.data)

.rel.dyn        0x0800299c        0x0
 .rel.iplt      0x0800299c        0x0 C:/ST/STM32CubeIDE_1.17.0/STM32CubeIDE/plugins/com.st.stm32cube.ide.mcu.externaltools.gnu-tools-for-stm32.12.3.rel1.win32_1.1.0.202410251130/tools/bin/../lib/gcc/arm-none-eabi/12.3.1/thumb/v7e-m+fp/hard/crtbegin.o

.data           0x20000000        0x4 load address 0x0800299c
                0x20000000                        . = ALIGN (0x4)
                0x20000000                        _sdata = .
 *(.data)
 *(.data*)
 .data.SystemCoreClock
                0x20000000        0x4 ./Drivers/CMSIS/system_stm32g4xx.o
                0x20000000                SystemCoreClock
                0x20000004                        . = ALIGN (0x4)
                0x20000004                        _edata = .

.igot.plt       0x20000004        0x0 load address 0x080029a0
 .igot.plt      0x20000004        0x0 C:/ST/STM32CubeIDE_1.17.0/STM32CubeIDE/plugins/com.st.stm32cube.ide.mcu.externaltools.gnu-tools-for-stm32.12.3.rel1.win32_1.1.0.202410251130/tools/bin/../lib/gcc/arm-none-eabi/12.3.1/thumb/v7e-m+fp/hard/crtbegin.o
                0x20000004                        . = ALIGN (0x4)

.bss            0x20000004       0x1c load address 0x080029a0
                0x20000004                        _sbss = .
                0x20000004                        __bss_start__ = _sbss
 *(.bss)
 .bss           0x20000004       0x1c C:/ST/STM32CubeIDE_1.17.0/STM32CubeIDE/plugins/com.st.stm32cube.ide.mcu.externaltools.gnu-tools-for-stm32.12.3.rel1.win32_1.1.0.202410251130/tools/bin/../lib/gcc/arm-none-eabi/12.3.1/thumb/v7e-m+fp/hard/crtbegin.o
 *(.bss*)
 *(COMMON)
                0x20000020                        . = ALIGN (0x4)
                0x20000020                        _ebss = .
                0x20000020                        __bss_end__ = _ebss

._user_heap_stack
                0x20000020      0x600 load address 0x080029a0
                0x20000020                        . = ALIGN (0x8)
                [!provide]                        PROVIDE (end = .)
                0x20000020                        PROVIDE (_end = .)
                0x20000220                        . = (. + _Min_Heap_Size)
 *fill*         0x20000020      0x200 
                0x20000620                        . = (. + _Min_Stack_Size)
 *fill*         0x20000220      0x400 
                0x20000620                        . = ALIGN (0x8)

/DISCARD/
 libc.a(*)
 libm.a(*)
 libgcc.a(*)

.ARM.attributes
                0x00000000       0x30
 *(.ARM.attributes)
 .ARM.attributes
                0x00000000       0x22 C:/ST/STM32CubeIDE_1.17.0/STM32CubeIDE/plugins/com.st.stm32cube.ide.mcu.externaltools.gnu-tools-for-stm32.12.3.rel1.win32_1.1.0.202410251130/tools/bin/../lib/gcc/arm-none-eabi/12.3.1/thumb/v7e-m+fp/hard/crti.o
 .ARM.attributes
                0x00000022       0x34 C:/ST/STM32CubeIDE_1.17.0/STM32CubeIDE/plugins/com.st.stm32cube.ide.mcu.externaltools.gnu-tools-for-stm32.12.3.rel1.win32_1.1.0.202410251130/tools/bin/../lib/gcc/arm-none-eabi/12.3.1/thumb/v7e-m+fp/hard/crtbegin.o
 .ARM.attributes
                0x00000056       0x21 ./Application/Startup/startup_stm32g474retx.o
 .ARM.attributes
                0x00000077       0x34 ./Application/User/main.o
 .ARM.attributes
                0x000000ab       0x34 ./Application/User/stm32g4xx_it.o
 .ARM.attributes
                0x000000df       0x34 ./Drivers/CMSIS/system_stm32g4xx.o
 .ARM.attributes
                0x00000113       0x34 ./Drivers/STM32G4xx_HAL_Driver/stm32g4xx_ll_exti.o
 .ARM.attributes
                0x00000147       0x34 ./Drivers/STM32G4xx_HAL_Driver/stm32g4xx_ll_gpio.o
 .ARM.attributes
                0x0000017b       0x34 ./Drivers/STM32G4xx_HAL_Driver/stm32g4xx_ll_utils.o
 .ARM.attributes
                0x000001af       0x34 C:/ST/STM32CubeIDE_1.17.0/STM32CubeIDE/plugins/com.st.stm32cube.ide.mcu.externaltools.gnu-tools-for-stm32.12.3.rel1.win32_1.1.0.202410251130/tools/bin/../lib/gcc/arm-none-eabi/12.3.1/../../../../arm-none-eabi/lib/thumb/v7e-m+fp/hard\libc_nano.a(libc_a-init.o)
 .ARM.attributes
                0x000001e3       0x22 C:/ST/STM32CubeIDE_1.17.0/STM32CubeIDE/plugins/com.st.stm32cube.ide.mcu.externaltools.gnu-tools-for-stm32.12.3.rel1.win32_1.1.0.202410251130/tools/bin/../lib/gcc/arm-none-eabi/12.3.1/thumb/v7e-m+fp/hard/crtn.o
OUTPUT(HRTIM_Basic_Multiple_PWM.elf elf32-littlearm)
LOAD linker stubs
LOAD C:/ST/STM32CubeIDE_1.17.0/STM32CubeIDE/plugins/com.st.stm32cube.ide.mcu.externaltools.gnu-tools-for-stm32.12.3.rel1.win32_1.1.0.202410251130/tools/bin/../lib/gcc/arm-none-eabi/12.3.1/../../../../arm-none-eabi/lib/thumb/v7e-m+fp/hard\libc.a
LOAD C:/ST/STM32CubeIDE_1.17.0/STM32CubeIDE/plugins/com.st.stm32cube.ide.mcu.externaltools.gnu-tools-for-stm32.12.3.rel1.win32_1.1.0.202410251130/tools/bin/../lib/gcc/arm-none-eabi/12.3.1/../../../../arm-none-eabi/lib/thumb/v7e-m+fp/hard\libm.a
LOAD C:/ST/STM32CubeIDE_1.17.0/STM32CubeIDE/plugins/com.st.stm32cube.ide.mcu.externaltools.gnu-tools-for-stm32.12.3.rel1.win32_1.1.0.202410251130/tools/bin/../lib/gcc/arm-none-eabi/12.3.1/thumb/v7e-m+fp/hard\libgcc.a

.debug_line     0x00000000     0x415d
 .debug_line    0x00000000       0x7b ./Application/Startup/startup_stm32g474retx.o
 .debug_line    0x0000007b     0x182a ./Application/User/main.o
 .debug_line    0x000018a5      0x79b ./Application/User/stm32g4xx_it.o
 .debug_line    0x00002040      0x5a9 ./Drivers/CMSIS/system_stm32g4xx.o
 .debug_line    0x000025e9      0x7f0 ./Drivers/STM32G4xx_HAL_Driver/stm32g4xx_ll_exti.o
 .debug_line    0x00002dd9      0x886 ./Drivers/STM32G4xx_HAL_Driver/stm32g4xx_ll_gpio.o
 .debug_line    0x0000365f      0xafe ./Drivers/STM32G4xx_HAL_Driver/stm32g4xx_ll_utils.o

.debug_line_str
                0x00000000       0x8a
 .debug_line_str
                0x00000000       0x8a ./Application/Startup/startup_stm32g474retx.o

.debug_info     0x00000000     0x5c51
 .debug_info    0x00000000       0x30 ./Application/Startup/startup_stm32g474retx.o
 .debug_info    0x00000030     0x36fc ./Application/User/main.o
 .debug_info    0x0000372c      0x577 ./Application/User/stm32g4xx_it.o
 .debug_info    0x00003ca3      0x587 ./Drivers/CMSIS/system_stm32g4xx.o
 .debug_info    0x0000422a      0x4ba ./Drivers/STM32G4xx_HAL_Driver/stm32g4xx_ll_exti.o
 .debug_info    0x000046e4      0x954 ./Drivers/STM32G4xx_HAL_Driver/stm32g4xx_ll_gpio.o
 .debug_info    0x00005038      0xc19 ./Drivers/STM32G4xx_HAL_Driver/stm32g4xx_ll_utils.o

.debug_abbrev   0x00000000      0xc02
 .debug_abbrev  0x00000000       0x24 ./Application/Startup/startup_stm32g474retx.o
 .debug_abbrev  0x00000024      0x34e ./Application/User/main.o
 .debug_abbrev  0x00000372      0x15f ./Application/User/stm32g4xx_it.o
 .debug_abbrev  0x000004d1      0x11a ./Drivers/CMSIS/system_stm32g4xx.o
 .debug_abbrev  0x000005eb      0x184 ./Drivers/STM32G4xx_HAL_Driver/stm32g4xx_ll_exti.o
 .debug_abbrev  0x0000076f      0x235 ./Drivers/STM32G4xx_HAL_Driver/stm32g4xx_ll_gpio.o
 .debug_abbrev  0x000009a4      0x25e ./Drivers/STM32G4xx_HAL_Driver/stm32g4xx_ll_utils.o

.debug_aranges  0x00000000      0x538
 .debug_aranges
                0x00000000       0x28 ./Application/Startup/startup_stm32g474retx.o
 .debug_aranges
                0x00000028      0x250 ./Application/User/main.o
 .debug_aranges
                0x00000278       0x78 ./Application/User/stm32g4xx_it.o
 .debug_aranges
                0x000002f0       0x28 ./Drivers/CMSIS/system_stm32g4xx.o
 .debug_aranges
                0x00000318       0xb0 ./Drivers/STM32G4xx_HAL_Driver/stm32g4xx_ll_exti.o
 .debug_aranges
                0x000003c8       0x70 ./Drivers/STM32G4xx_HAL_Driver/stm32g4xx_ll_gpio.o
 .debug_aranges
                0x00000438      0x100 ./Drivers/STM32G4xx_HAL_Driver/stm32g4xx_ll_utils.o

.debug_str      0x00000000    0xbb3f3
 .debug_str     0x00000000       0xa6 ./Application/Startup/startup_stm32g474retx.o
 .debug_str     0x000000a6    0xb9639 ./Application/User/main.o
                              0xb99dc (size before relaxing)
 .debug_str     0x000b96df      0x193 ./Application/User/stm32g4xx_it.o
                              0xb8507 (size before relaxing)
 .debug_str     0x000b9872       0xce ./Drivers/CMSIS/system_stm32g4xx.o
                              0x9e3c4 (size before relaxing)
 .debug_str     0x000b9940      0x48e ./Drivers/STM32G4xx_HAL_Driver/stm32g4xx_ll_exti.o
                              0x9ee01 (size before relaxing)
 .debug_str     0x000b9dce      0x66f ./Drivers/STM32G4xx_HAL_Driver/stm32g4xx_ll_gpio.o
                              0x9fe47 (size before relaxing)
 .debug_str     0x000ba43d      0xfb6 ./Drivers/STM32G4xx_HAL_Driver/stm32g4xx_ll_utils.o
                              0xa5859 (size before relaxing)

.debug_rnglists
                0x00000000      0x3e1
 .debug_rnglists
                0x00000000       0x19 ./Application/Startup/startup_stm32g474retx.o
 .debug_rnglists
                0x00000019      0x1c9 ./Application/User/main.o
 .debug_rnglists
                0x000001e2       0x55 ./Application/User/stm32g4xx_it.o
 .debug_rnglists
                0x00000237       0x1a ./Drivers/CMSIS/system_stm32g4xx.o
 .debug_rnglists
                0x00000251       0x80 ./Drivers/STM32G4xx_HAL_Driver/stm32g4xx_ll_exti.o
 .debug_rnglists
                0x000002d1       0x51 ./Drivers/STM32G4xx_HAL_Driver/stm32g4xx_ll_gpio.o
 .debug_rnglists
                0x00000322       0xbf ./Drivers/STM32G4xx_HAL_Driver/stm32g4xx_ll_utils.o

.debug_macro    0x00000000    0x1eef8
 .debug_macro   0x00000000      0x166 ./Application/User/main.o
 .debug_macro   0x00000166      0xaf6 ./Application/User/main.o
 .debug_macro   0x00000c5c       0x2e ./Application/User/main.o
 .debug_macro   0x00000c8a       0x28 ./Application/User/main.o
 .debug_macro   0x00000cb2       0x22 ./Application/User/main.o
 .debug_macro   0x00000cd4       0x8e ./Application/User/main.o
 .debug_macro   0x00000d62       0x51 ./Application/User/main.o
 .debug_macro   0x00000db3      0x103 ./Application/User/main.o
 .debug_macro   0x00000eb6       0x6a ./Application/User/main.o
 .debug_macro   0x00000f20      0x1df ./Application/User/main.o
 .debug_macro   0x000010ff       0x1c ./Application/User/main.o
 .debug_macro   0x0000111b       0x22 ./Application/User/main.o
 .debug_macro   0x0000113d       0xfb ./Application/User/main.o
 .debug_macro   0x00001238     0x1011 ./Application/User/main.o
 .debug_macro   0x00002249      0x11f ./Application/User/main.o
 .debug_macro   0x00002368    0x18b8c ./Application/User/main.o
 .debug_macro   0x0001aef4       0x6d ./Application/User/main.o
 .debug_macro   0x0001af61     0x18fb ./Application/User/main.o
 .debug_macro   0x0001c85c      0x659 ./Application/User/main.o
 .debug_macro   0x0001ceb5      0x1d0 ./Application/User/main.o
 .debug_macro   0x0001d085       0xd0 ./Application/User/main.o
 .debug_macro   0x0001d155      0x34f ./Application/User/main.o
 .debug_macro   0x0001d4a4      0x178 ./Application/User/main.o
 .debug_macro   0x0001d61c      0x1a6 ./Application/User/main.o
 .debug_macro   0x0001d7c2       0xa0 ./Application/User/main.o
 .debug_macro   0x0001d862      0x231 ./Application/User/main.o
 .debug_macro   0x0001da93      0x63e ./Application/User/main.o
 .debug_macro   0x0001e0d1      0x2cc ./Application/User/main.o
 .debug_macro   0x0001e39d      0x169 ./Application/User/main.o
 .debug_macro   0x0001e506       0x88 ./Application/User/main.o
 .debug_macro   0x0001e58e      0x15e ./Application/User/stm32g4xx_it.o
 .debug_macro   0x0001e6ec       0xd3 ./Drivers/CMSIS/system_stm32g4xx.o
 .debug_macro   0x0001e7bf       0xfa ./Drivers/STM32G4xx_HAL_Driver/stm32g4xx_ll_exti.o
 .debug_macro   0x0001e8b9      0x172 ./Drivers/STM32G4xx_HAL_Driver/stm32g4xx_ll_exti.o
 .debug_macro   0x0001ea2b      0x10f ./Drivers/STM32G4xx_HAL_Driver/stm32g4xx_ll_gpio.o
 .debug_macro   0x0001eb3a      0x163 ./Drivers/STM32G4xx_HAL_Driver/stm32g4xx_ll_gpio.o
 .debug_macro   0x0001ec9d      0x1c1 ./Drivers/STM32G4xx_HAL_Driver/stm32g4xx_ll_utils.o
 .debug_macro   0x0001ee5e       0x9a ./Drivers/STM32G4xx_HAL_Driver/stm32g4xx_ll_utils.o

.comment        0x00000000       0x43
 .comment       0x00000000       0x43 ./Application/User/main.o
                                 0x44 (size before relaxing)
 .comment       0x00000043       0x44 ./Application/User/stm32g4xx_it.o
 .comment       0x00000043       0x44 ./Drivers/CMSIS/system_stm32g4xx.o
 .comment       0x00000043       0x44 ./Drivers/STM32G4xx_HAL_Driver/stm32g4xx_ll_exti.o
 .comment       0x00000043       0x44 ./Drivers/STM32G4xx_HAL_Driver/stm32g4xx_ll_gpio.o
 .comment       0x00000043       0x44 ./Drivers/STM32G4xx_HAL_Driver/stm32g4xx_ll_utils.o

.debug_frame    0x00000000     0x1594
 .debug_frame   0x00000000      0xab8 ./Application/User/main.o
 .debug_frame   0x00000ab8      0x17c ./Application/User/stm32g4xx_it.o
 .debug_frame   0x00000c34       0x58 ./Drivers/CMSIS/system_stm32g4xx.o
 .debug_frame   0x00000c8c      0x2fc ./Drivers/STM32G4xx_HAL_Driver/stm32g4xx_ll_exti.o
 .debug_frame   0x00000f88      0x1c0 ./Drivers/STM32G4xx_HAL_Driver/stm32g4xx_ll_gpio.o
 .debug_frame   0x00001148      0x420 ./Drivers/STM32G4xx_HAL_Driver/stm32g4xx_ll_utils.o
 .debug_frame   0x00001568       0x2c C:/ST/STM32CubeIDE_1.17.0/STM32CubeIDE/plugins/com.st.stm32cube.ide.mcu.externaltools.gnu-tools-for-stm32.12.3.rel1.win32_1.1.0.202410251130/tools/bin/../lib/gcc/arm-none-eabi/12.3.1/../../../../arm-none-eabi/lib/thumb/v7e-m+fp/hard\libc_nano.a(libc_a-init.o)
