../../Drivers/CMSIS/Include/core_cm4.h:1648:22:__NVIC_SetPriorityGrouping	24	static
../../Drivers/CMSIS/Include/core_cm4.h:1667:26:__NVIC_GetPriorityGrouping	4	static
../../Drivers/CMSIS/Include/core_cm4.h:1679:22:__NVIC_EnableIRQ	16	static,ignoring_inline_asm
../../Drivers/CMSIS/Include/core_cm4.h:1809:22:__NVIC_SetPriority	16	static
../../Drivers/CMSIS/Include/core_cm4.h:1856:26:NVIC_EncodePriority	40	static
../../Drivers/STM32G4xx_HAL_Driver/Inc/stm32g4xx_ll_hrtim.h:2292:22:LL_HRTIM_ForceUpdate	16	static
../../Drivers/STM32G4xx_HAL_Driver/Inc/stm32g4xx_ll_hrtim.h:2438:22:LL_HRTIM_EnableOutput	16	static
../../Drivers/STM32G4xx_HAL_Driver/Inc/stm32g4xx_ll_hrtim.h:3630:22:LL_HRTIM_ConfigDLLCalibration	24	static
../../Drivers/STM32G4xx_HAL_Driver/Inc/stm32g4xx_ll_hrtim.h:3674:22:LL_HRTIM_TIM_CounterEnable	16	static
../../Drivers/STM32G4xx_HAL_Driver/Inc/stm32g4xx_ll_hrtim.h:3755:22:LL_HRTIM_TIM_SetPrescaler	48	static,ignoring_inline_asm
../../Drivers/STM32G4xx_HAL_Driver/Inc/stm32g4xx_ll_hrtim.h:3813:22:LL_HRTIM_TIM_SetCounterMode	48	static,ignoring_inline_asm
../../Drivers/STM32G4xx_HAL_Driver/Inc/stm32g4xx_ll_hrtim.h:3887:22:LL_HRTIM_TIM_DisableHalfMode	40	static,ignoring_inline_asm
../../Drivers/STM32G4xx_HAL_Driver/Inc/stm32g4xx_ll_hrtim.h:3959:22:LL_HRTIM_TIM_DisableResyncUpdate	40	static,ignoring_inline_asm
../../Drivers/STM32G4xx_HAL_Driver/Inc/stm32g4xx_ll_hrtim.h:4017:22:LL_HRTIM_TIM_SetInterleavedMode	48	static,ignoring_inline_asm
../../Drivers/STM32G4xx_HAL_Driver/Inc/stm32g4xx_ll_hrtim.h:4098:22:LL_HRTIM_TIM_DisableStartOnSync	40	static,ignoring_inline_asm
../../Drivers/STM32G4xx_HAL_Driver/Inc/stm32g4xx_ll_hrtim.h:4165:22:LL_HRTIM_TIM_DisableResetOnSync	40	static,ignoring_inline_asm
../../Drivers/STM32G4xx_HAL_Driver/Inc/stm32g4xx_ll_hrtim.h:4215:22:LL_HRTIM_TIM_SetDACTrig	48	static,ignoring_inline_asm
../../Drivers/STM32G4xx_HAL_Driver/Inc/stm32g4xx_ll_hrtim.h:4288:22:LL_HRTIM_TIM_DisablePreload	40	static,ignoring_inline_asm
../../Drivers/STM32G4xx_HAL_Driver/Inc/stm32g4xx_ll_hrtim.h:4357:22:LL_HRTIM_TIM_SetUpdateTrig	48	static,ignoring_inline_asm
../../Drivers/STM32G4xx_HAL_Driver/Inc/stm32g4xx_ll_hrtim.h:4440:22:LL_HRTIM_TIM_SetUpdateGating	48	static,ignoring_inline_asm
../../Drivers/STM32G4xx_HAL_Driver/Inc/stm32g4xx_ll_hrtim.h:4519:22:LL_HRTIM_TIM_DisablePushPullMode	40	static,ignoring_inline_asm
../../Drivers/STM32G4xx_HAL_Driver/Inc/stm32g4xx_ll_hrtim.h:4571:22:LL_HRTIM_TIM_SetCompareMode	72	static,ignoring_inline_asm
../../Drivers/STM32G4xx_HAL_Driver/Inc/stm32g4xx_ll_hrtim.h:4680:22:LL_HRTIM_TIM_SetPeriod	48	static,ignoring_inline_asm
../../Drivers/STM32G4xx_HAL_Driver/Inc/stm32g4xx_ll_hrtim.h:4727:22:LL_HRTIM_TIM_SetRepetition	48	static,ignoring_inline_asm
../../Drivers/STM32G4xx_HAL_Driver/Inc/stm32g4xx_ll_hrtim.h:4776:22:LL_HRTIM_TIM_SetCompare1	48	static,ignoring_inline_asm
../../Drivers/STM32G4xx_HAL_Driver/Inc/stm32g4xx_ll_hrtim.h:4827:22:LL_HRTIM_TIM_SetCompare2	48	static,ignoring_inline_asm
../../Drivers/STM32G4xx_HAL_Driver/Inc/stm32g4xx_ll_hrtim.h:4878:22:LL_HRTIM_TIM_SetCompare3	48	static,ignoring_inline_asm
../../Drivers/STM32G4xx_HAL_Driver/Inc/stm32g4xx_ll_hrtim.h:5046:22:LL_HRTIM_TIM_SetResetTrig	48	static,ignoring_inline_asm
../../Drivers/STM32G4xx_HAL_Driver/Inc/stm32g4xx_ll_hrtim.h:5468:22:LL_HRTIM_TIM_DisableDeadTime	40	static,ignoring_inline_asm
../../Drivers/STM32G4xx_HAL_Driver/Inc/stm32g4xx_ll_hrtim.h:5862:22:LL_HRTIM_TIM_SetBurstModeOption	40	static,ignoring_inline_asm
../../Drivers/STM32G4xx_HAL_Driver/Inc/stm32g4xx_ll_hrtim.h:6353:22:LL_HRTIM_TIM_SetTriggeredHalfMode	56	static,ignoring_inline_asm
../../Drivers/STM32G4xx_HAL_Driver/Inc/stm32g4xx_ll_hrtim.h:6406:22:LL_HRTIM_TIM_SetComp1Mode	56	static,ignoring_inline_asm
../../Drivers/STM32G4xx_HAL_Driver/Inc/stm32g4xx_ll_hrtim.h:6459:22:LL_HRTIM_TIM_SetComp3Mode	56	static,ignoring_inline_asm
../../Drivers/STM32G4xx_HAL_Driver/Inc/stm32g4xx_ll_hrtim.h:6773:22:LL_HRTIM_TIM_SetCountingMode	56	static,ignoring_inline_asm
../../Drivers/STM32G4xx_HAL_Driver/Inc/stm32g4xx_ll_hrtim.h:8049:22:LL_HRTIM_OUT_SetOutputSetSrc	56	static,ignoring_inline_asm
../../Drivers/STM32G4xx_HAL_Driver/Inc/stm32g4xx_ll_hrtim.h:8386:22:LL_HRTIM_OUT_SetOutputResetSrc	56	static,ignoring_inline_asm
../../Drivers/STM32G4xx_HAL_Driver/Inc/stm32g4xx_ll_hrtim.h:8631:22:LL_HRTIM_OUT_SetPolarity	56	static,ignoring_inline_asm
../../Drivers/STM32G4xx_HAL_Driver/Inc/stm32g4xx_ll_hrtim.h:8693:22:LL_HRTIM_OUT_SetIdleMode	56	static,ignoring_inline_asm
../../Drivers/STM32G4xx_HAL_Driver/Inc/stm32g4xx_ll_hrtim.h:8756:22:LL_HRTIM_OUT_SetIdleLevel	56	static,ignoring_inline_asm
../../Drivers/STM32G4xx_HAL_Driver/Inc/stm32g4xx_ll_hrtim.h:8821:22:LL_HRTIM_OUT_SetFaultState	56	static,ignoring_inline_asm
../../Drivers/STM32G4xx_HAL_Driver/Inc/stm32g4xx_ll_hrtim.h:8885:22:LL_HRTIM_OUT_SetChopperMode	56	static,ignoring_inline_asm
../../Drivers/STM32G4xx_HAL_Driver/Inc/stm32g4xx_ll_hrtim.h:10953:26:LL_HRTIM_IsActiveFlag_DLLRDY	16	static
../../Drivers/STM32G4xx_HAL_Driver/Inc/stm32g4xx_ll_rcc.h:950:22:LL_RCC_HSE_Enable	4	static
../../Drivers/STM32G4xx_HAL_Driver/Inc/stm32g4xx_ll_rcc.h:970:26:LL_RCC_HSE_IsReady	4	static
../../Drivers/STM32G4xx_HAL_Driver/Inc/stm32g4xx_ll_rcc.h:1346:22:LL_RCC_SetSysClkSource	16	static
../../Drivers/STM32G4xx_HAL_Driver/Inc/stm32g4xx_ll_rcc.h:1359:26:LL_RCC_GetSysClkSource	4	static
../../Drivers/STM32G4xx_HAL_Driver/Inc/stm32g4xx_ll_rcc.h:1379:22:LL_RCC_SetAHBPrescaler	16	static
../../Drivers/STM32G4xx_HAL_Driver/Inc/stm32g4xx_ll_rcc.h:1395:22:LL_RCC_SetAPB1Prescaler	16	static
../../Drivers/STM32G4xx_HAL_Driver/Inc/stm32g4xx_ll_rcc.h:1411:22:LL_RCC_SetAPB2Prescaler	16	static
../../Drivers/STM32G4xx_HAL_Driver/Inc/stm32g4xx_ll_rcc.h:2063:22:LL_RCC_PLL_Enable	4	static
../../Drivers/STM32G4xx_HAL_Driver/Inc/stm32g4xx_ll_rcc.h:2084:26:LL_RCC_PLL_IsReady	4	static
../../Drivers/STM32G4xx_HAL_Driver/Inc/stm32g4xx_ll_rcc.h:2127:22:LL_RCC_PLL_ConfigDomain_SYS	24	static
../../Drivers/STM32G4xx_HAL_Driver/Inc/stm32g4xx_ll_rcc.h:2456:22:LL_RCC_PLL_EnableDomain_SYS	4	static
../../Drivers/STM32G4xx_HAL_Driver/Inc/stm32g4xx_ll_bus.h:451:22:LL_AHB2_GRP1_EnableClock	24	static
../../Drivers/STM32G4xx_HAL_Driver/Inc/stm32g4xx_ll_bus.h:913:22:LL_APB1_GRP1_EnableClock	24	static
../../Drivers/STM32G4xx_HAL_Driver/Inc/stm32g4xx_ll_bus.h:1427:22:LL_APB2_GRP1_EnableClock	24	static
../../Drivers/STM32G4xx_HAL_Driver/Inc/stm32g4xx_ll_system.h:717:22:LL_SYSCFG_SetEXTISource	32	static,ignoring_inline_asm
../../Drivers/STM32G4xx_HAL_Driver/Inc/stm32g4xx_ll_system.h:1292:22:LL_FLASH_SetLatency	16	static
../../Drivers/STM32G4xx_HAL_Driver/Inc/stm32g4xx_ll_system.h:1320:26:LL_FLASH_GetLatency	4	static
../../Drivers/STM32G4xx_HAL_Driver/Inc/stm32g4xx_ll_pwr.h:341:22:LL_PWR_EnableRange1BoostMode	4	static
../../Drivers/STM32G4xx_HAL_Driver/Inc/stm32g4xx_ll_pwr.h:496:22:LL_PWR_DisableUCPDDeadBattery	4	static
../../Drivers/STM32G4xx_HAL_Driver/Inc/stm32g4xx_ll_gpio.h:285:22:LL_GPIO_SetPinMode	48	static,ignoring_inline_asm
../../Drivers/STM32G4xx_HAL_Driver/Inc/stm32g4xx_ll_gpio.h:496:22:LL_GPIO_SetPinPull	48	static,ignoring_inline_asm
../../Drivers/STM32G4xx_HAL_Driver/Inc/stm32g4xx_ll_gpio.h:894:22:LL_GPIO_SetOutputPin	16	static
../../Drivers/STM32G4xx_HAL_Driver/Inc/stm32g4xx_ll_gpio.h:923:22:LL_GPIO_ResetOutputPin	16	static
../../Drivers/STM32G4xx_HAL_Driver/Inc/stm32g4xx_ll_gpio.h:952:22:LL_GPIO_TogglePin	24	static
C:/Users/MAREO/STM32CubeIDE/stm32g474_examples/HRTIM_Basic_Multiple_PWM/Src/main.c:75:5:main	8	static
C:/Users/MAREO/STM32CubeIDE/stm32g474_examples/HRTIM_Basic_Multiple_PWM/Src/main.c:138:6:SystemClock_Config	16	static
C:/Users/MAREO/STM32CubeIDE/stm32g474_examples/HRTIM_Basic_Multiple_PWM/Src/main.c:184:13:MX_HRTIM1_Init	32	static
C:/Users/MAREO/STM32CubeIDE/stm32g474_examples/HRTIM_Basic_Multiple_PWM/Src/main.c:364:13:MX_GPIO_Init	48	static
C:/Users/MAREO/STM32CubeIDE/stm32g474_examples/HRTIM_Basic_Multiple_PWM/Src/main.c:438:6:Error_Handler	8	static
