../../Drivers/CMSIS/Include/core_cm4.h:1648:22:__NVIC_SetPriorityGrouping	1
../../Drivers/CMSIS/Include/core_cm4.h:1667:26:__NVIC_GetPriorityGrouping	1
../../Drivers/CMSIS/Include/core_cm4.h:1679:22:__NVIC_EnableIRQ	2
../../Drivers/CMSIS/Include/core_cm4.h:1809:22:__NVIC_SetPriority	2
../../Drivers/CMSIS/Include/core_cm4.h:1856:26:NVIC_EncodePriority	2
../../Drivers/STM32G4xx_HAL_Driver/Inc/stm32g4xx_ll_hrtim.h:2292:22:LL_HRTIM_ForceUpdate	1
../../Drivers/STM32G4xx_HAL_Driver/Inc/stm32g4xx_ll_hrtim.h:2438:22:LL_HRTIM_EnableOutput	1
../../Drivers/STM32G4xx_HAL_Driver/Inc/stm32g4xx_ll_hrtim.h:3630:22:LL_HRTIM_ConfigDLLCalibration	1
../../Drivers/STM32G4xx_HAL_Driver/Inc/stm32g4xx_ll_hrtim.h:3674:22:LL_HRTIM_TIM_CounterEnable	1
../../Drivers/STM32G4xx_HAL_Driver/Inc/stm32g4xx_ll_hrtim.h:3755:22:LL_HRTIM_TIM_SetPrescaler	2
../../Drivers/STM32G4xx_HAL_Driver/Inc/stm32g4xx_ll_hrtim.h:3813:22:LL_HRTIM_TIM_SetCounterMode	2
../../Drivers/STM32G4xx_HAL_Driver/Inc/stm32g4xx_ll_hrtim.h:3887:22:LL_HRTIM_TIM_DisableHalfMode	2
../../Drivers/STM32G4xx_HAL_Driver/Inc/stm32g4xx_ll_hrtim.h:3959:22:LL_HRTIM_TIM_DisableResyncUpdate	2
../../Drivers/STM32G4xx_HAL_Driver/Inc/stm32g4xx_ll_hrtim.h:4017:22:LL_HRTIM_TIM_SetInterleavedMode	2
../../Drivers/STM32G4xx_HAL_Driver/Inc/stm32g4xx_ll_hrtim.h:4098:22:LL_HRTIM_TIM_DisableStartOnSync	2
../../Drivers/STM32G4xx_HAL_Driver/Inc/stm32g4xx_ll_hrtim.h:4165:22:LL_HRTIM_TIM_DisableResetOnSync	2
../../Drivers/STM32G4xx_HAL_Driver/Inc/stm32g4xx_ll_hrtim.h:4215:22:LL_HRTIM_TIM_SetDACTrig	2
../../Drivers/STM32G4xx_HAL_Driver/Inc/stm32g4xx_ll_hrtim.h:4288:22:LL_HRTIM_TIM_DisablePreload	2
../../Drivers/STM32G4xx_HAL_Driver/Inc/stm32g4xx_ll_hrtim.h:4357:22:LL_HRTIM_TIM_SetUpdateTrig	2
../../Drivers/STM32G4xx_HAL_Driver/Inc/stm32g4xx_ll_hrtim.h:4440:22:LL_HRTIM_TIM_SetUpdateGating	2
../../Drivers/STM32G4xx_HAL_Driver/Inc/stm32g4xx_ll_hrtim.h:4519:22:LL_HRTIM_TIM_DisablePushPullMode	2
../../Drivers/STM32G4xx_HAL_Driver/Inc/stm32g4xx_ll_hrtim.h:4571:22:LL_HRTIM_TIM_SetCompareMode	4
../../Drivers/STM32G4xx_HAL_Driver/Inc/stm32g4xx_ll_hrtim.h:4680:22:LL_HRTIM_TIM_SetPeriod	2
../../Drivers/STM32G4xx_HAL_Driver/Inc/stm32g4xx_ll_hrtim.h:4727:22:LL_HRTIM_TIM_SetRepetition	2
../../Drivers/STM32G4xx_HAL_Driver/Inc/stm32g4xx_ll_hrtim.h:4776:22:LL_HRTIM_TIM_SetCompare1	2
../../Drivers/STM32G4xx_HAL_Driver/Inc/stm32g4xx_ll_hrtim.h:4827:22:LL_HRTIM_TIM_SetCompare2	2
../../Drivers/STM32G4xx_HAL_Driver/Inc/stm32g4xx_ll_hrtim.h:4878:22:LL_HRTIM_TIM_SetCompare3	2
../../Drivers/STM32G4xx_HAL_Driver/Inc/stm32g4xx_ll_hrtim.h:5046:22:LL_HRTIM_TIM_SetResetTrig	2
../../Drivers/STM32G4xx_HAL_Driver/Inc/stm32g4xx_ll_hrtim.h:5468:22:LL_HRTIM_TIM_DisableDeadTime	2
../../Drivers/STM32G4xx_HAL_Driver/Inc/stm32g4xx_ll_hrtim.h:5862:22:LL_HRTIM_TIM_SetBurstModeOption	2
../../Drivers/STM32G4xx_HAL_Driver/Inc/stm32g4xx_ll_hrtim.h:6353:22:LL_HRTIM_TIM_SetTriggeredHalfMode	3
../../Drivers/STM32G4xx_HAL_Driver/Inc/stm32g4xx_ll_hrtim.h:6406:22:LL_HRTIM_TIM_SetComp1Mode	3
../../Drivers/STM32G4xx_HAL_Driver/Inc/stm32g4xx_ll_hrtim.h:6459:22:LL_HRTIM_TIM_SetComp3Mode	3
../../Drivers/STM32G4xx_HAL_Driver/Inc/stm32g4xx_ll_hrtim.h:6773:22:LL_HRTIM_TIM_SetCountingMode	3
../../Drivers/STM32G4xx_HAL_Driver/Inc/stm32g4xx_ll_hrtim.h:8049:22:LL_HRTIM_OUT_SetOutputSetSrc	3
../../Drivers/STM32G4xx_HAL_Driver/Inc/stm32g4xx_ll_hrtim.h:8386:22:LL_HRTIM_OUT_SetOutputResetSrc	3
../../Drivers/STM32G4xx_HAL_Driver/Inc/stm32g4xx_ll_hrtim.h:8631:22:LL_HRTIM_OUT_SetPolarity	3
../../Drivers/STM32G4xx_HAL_Driver/Inc/stm32g4xx_ll_hrtim.h:8693:22:LL_HRTIM_OUT_SetIdleMode	3
../../Drivers/STM32G4xx_HAL_Driver/Inc/stm32g4xx_ll_hrtim.h:8756:22:LL_HRTIM_OUT_SetIdleLevel	3
../../Drivers/STM32G4xx_HAL_Driver/Inc/stm32g4xx_ll_hrtim.h:8821:22:LL_HRTIM_OUT_SetFaultState	3
../../Drivers/STM32G4xx_HAL_Driver/Inc/stm32g4xx_ll_hrtim.h:8885:22:LL_HRTIM_OUT_SetChopperMode	3
../../Drivers/STM32G4xx_HAL_Driver/Inc/stm32g4xx_ll_hrtim.h:10953:26:LL_HRTIM_IsActiveFlag_DLLRDY	2
../../Drivers/STM32G4xx_HAL_Driver/Inc/stm32g4xx_ll_rcc.h:950:22:LL_RCC_HSE_Enable	1
../../Drivers/STM32G4xx_HAL_Driver/Inc/stm32g4xx_ll_rcc.h:970:26:LL_RCC_HSE_IsReady	2
../../Drivers/STM32G4xx_HAL_Driver/Inc/stm32g4xx_ll_rcc.h:1346:22:LL_RCC_SetSysClkSource	1
../../Drivers/STM32G4xx_HAL_Driver/Inc/stm32g4xx_ll_rcc.h:1359:26:LL_RCC_GetSysClkSource	1
../../Drivers/STM32G4xx_HAL_Driver/Inc/stm32g4xx_ll_rcc.h:1379:22:LL_RCC_SetAHBPrescaler	1
../../Drivers/STM32G4xx_HAL_Driver/Inc/stm32g4xx_ll_rcc.h:1395:22:LL_RCC_SetAPB1Prescaler	1
../../Drivers/STM32G4xx_HAL_Driver/Inc/stm32g4xx_ll_rcc.h:1411:22:LL_RCC_SetAPB2Prescaler	1
../../Drivers/STM32G4xx_HAL_Driver/Inc/stm32g4xx_ll_rcc.h:2063:22:LL_RCC_PLL_Enable	1
../../Drivers/STM32G4xx_HAL_Driver/Inc/stm32g4xx_ll_rcc.h:2084:26:LL_RCC_PLL_IsReady	2
../../Drivers/STM32G4xx_HAL_Driver/Inc/stm32g4xx_ll_rcc.h:2127:22:LL_RCC_PLL_ConfigDomain_SYS	1
../../Drivers/STM32G4xx_HAL_Driver/Inc/stm32g4xx_ll_rcc.h:2456:22:LL_RCC_PLL_EnableDomain_SYS	1
../../Drivers/STM32G4xx_HAL_Driver/Inc/stm32g4xx_ll_bus.h:451:22:LL_AHB2_GRP1_EnableClock	1
../../Drivers/STM32G4xx_HAL_Driver/Inc/stm32g4xx_ll_bus.h:913:22:LL_APB1_GRP1_EnableClock	1
../../Drivers/STM32G4xx_HAL_Driver/Inc/stm32g4xx_ll_bus.h:1427:22:LL_APB2_GRP1_EnableClock	1
../../Drivers/STM32G4xx_HAL_Driver/Inc/stm32g4xx_ll_system.h:717:22:LL_SYSCFG_SetEXTISource	2
../../Drivers/STM32G4xx_HAL_Driver/Inc/stm32g4xx_ll_system.h:1292:22:LL_FLASH_SetLatency	1
../../Drivers/STM32G4xx_HAL_Driver/Inc/stm32g4xx_ll_system.h:1320:26:LL_FLASH_GetLatency	1
../../Drivers/STM32G4xx_HAL_Driver/Inc/stm32g4xx_ll_pwr.h:341:22:LL_PWR_EnableRange1BoostMode	1
../../Drivers/STM32G4xx_HAL_Driver/Inc/stm32g4xx_ll_pwr.h:496:22:LL_PWR_DisableUCPDDeadBattery	1
../../Drivers/STM32G4xx_HAL_Driver/Inc/stm32g4xx_ll_gpio.h:285:22:LL_GPIO_SetPinMode	3
../../Drivers/STM32G4xx_HAL_Driver/Inc/stm32g4xx_ll_gpio.h:496:22:LL_GPIO_SetPinPull	3
../../Drivers/STM32G4xx_HAL_Driver/Inc/stm32g4xx_ll_gpio.h:894:22:LL_GPIO_SetOutputPin	1
../../Drivers/STM32G4xx_HAL_Driver/Inc/stm32g4xx_ll_gpio.h:923:22:LL_GPIO_ResetOutputPin	1
../../Drivers/STM32G4xx_HAL_Driver/Inc/stm32g4xx_ll_gpio.h:952:22:LL_GPIO_TogglePin	1
C:/Users/MAREO/STM32CubeIDE/stm32g474_examples/HRTIM_Basic_Multiple_PWM/Src/main.c:75:5:main	1
C:/Users/MAREO/STM32CubeIDE/stm32g474_examples/HRTIM_Basic_Multiple_PWM/Src/main.c:138:6:SystemClock_Config	6
C:/Users/MAREO/STM32CubeIDE/stm32g474_examples/HRTIM_Basic_Multiple_PWM/Src/main.c:184:13:MX_HRTIM1_Init	3
C:/Users/MAREO/STM32CubeIDE/stm32g474_examples/HRTIM_Basic_Multiple_PWM/Src/main.c:364:13:MX_GPIO_Init	1
C:/Users/MAREO/STM32CubeIDE/stm32g474_examples/HRTIM_Basic_Multiple_PWM/Src/main.c:438:6:Error_Handler	1
