../../Drivers/STM32G4xx_HAL_Driver/Inc/stm32g4xx_ll_exti.h:1239:26:LL_EXTI_IsActiveFlag_0_31	16	static
../../Drivers/STM32G4xx_HAL_Driver/Inc/stm32g4xx_ll_exti.h:1359:22:LL_EXTI_ClearFlag_0_31	16	static
C:/Users/MAREO/STM32CubeIDE/stm32g474_examples/HRTIM_Basic_Multiple_PWM/Src/stm32g4xx_it.c:69:6:NMI_Handler	4	static
C:/Users/MAREO/STM32CubeIDE/stm32g474_examples/HRTIM_Basic_Multiple_PWM/Src/stm32g4xx_it.c:82:6:HardFault_Handler	4	static
C:/Users/MAREO/STM32CubeIDE/stm32g474_examples/HRTIM_Basic_Multiple_PWM/Src/stm32g4xx_it.c:97:6:MemManage_Handler	4	static
C:/Users/MAREO/STM32CubeIDE/stm32g474_examples/HRTIM_Basic_Multiple_PWM/Src/stm32g4xx_it.c:112:6:BusFault_Handler	4	static
C:/Users/MAREO/STM32CubeIDE/stm32g474_examples/HRTIM_Basic_Multiple_PWM/Src/stm32g4xx_it.c:127:6:UsageFault_Handler	4	static
C:/Users/MAREO/STM32CubeIDE/stm32g474_examples/HRTIM_Basic_Multiple_PWM/Src/stm32g4xx_it.c:142:6:SVC_Handler	4	static
C:/Users/MAREO/STM32CubeIDE/stm32g474_examples/HRTIM_Basic_Multiple_PWM/Src/stm32g4xx_it.c:155:6:DebugMon_Handler	4	static
C:/Users/MAREO/STM32CubeIDE/stm32g474_examples/HRTIM_Basic_Multiple_PWM/Src/stm32g4xx_it.c:168:6:PendSV_Handler	4	static
C:/Users/MAREO/STM32CubeIDE/stm32g474_examples/HRTIM_Basic_Multiple_PWM/Src/stm32g4xx_it.c:181:6:SysTick_Handler	4	static
C:/Users/MAREO/STM32CubeIDE/stm32g474_examples/HRTIM_Basic_Multiple_PWM/Src/stm32g4xx_it.c:202:6:EXTI15_10_IRQHandler	8	static
