Archive member included to satisfy reference by file (symbol)

C:/ST/STM32CubeIDE_1.17.0/STM32CubeIDE/plugins/com.st.stm32cube.ide.mcu.externaltools.gnu-tools-for-stm32.12.3.rel1.win32_1.1.0.202410251130/tools/bin/../lib/gcc/arm-none-eabi/12.3.1/../../../../arm-none-eabi/lib/thumb/v7e-m+fp/hard\libc_nano.a(libc_a-exit.o)
                              C:/ST/STM32CubeIDE_1.17.0/STM32CubeIDE/plugins/com.st.stm32cube.ide.mcu.externaltools.gnu-tools-for-stm32.12.3.rel1.win32_1.1.0.202410251130/tools/bin/../lib/gcc/arm-none-eabi/12.3.1/../../../../arm-none-eabi/lib/thumb/v7e-m+fp/hard/crt0.o (exit)
C:/ST/STM32CubeIDE_1.17.0/STM32CubeIDE/plugins/com.st.stm32cube.ide.mcu.externaltools.gnu-tools-for-stm32.12.3.rel1.win32_1.1.0.202410251130/tools/bin/../lib/gcc/arm-none-eabi/12.3.1/../../../../arm-none-eabi/lib/thumb/v7e-m+fp/hard\libc_nano.a(libc_a-findfp.o)
                              C:/ST/STM32CubeIDE_1.17.0/STM32CubeIDE/plugins/com.st.stm32cube.ide.mcu.externaltools.gnu-tools-for-stm32.12.3.rel1.win32_1.1.0.202410251130/tools/bin/../lib/gcc/arm-none-eabi/12.3.1/../../../../arm-none-eabi/lib/thumb/v7e-m+fp/hard\libc_nano.a(libc_a-exit.o) (__stdio_exit_handler)
C:/ST/STM32CubeIDE_1.17.0/STM32CubeIDE/plugins/com.st.stm32cube.ide.mcu.externaltools.gnu-tools-for-stm32.12.3.rel1.win32_1.1.0.202410251130/tools/bin/../lib/gcc/arm-none-eabi/12.3.1/../../../../arm-none-eabi/lib/thumb/v7e-m+fp/hard\libc_nano.a(libc_a-fwalk.o)
                              C:/ST/STM32CubeIDE_1.17.0/STM32CubeIDE/plugins/com.st.stm32cube.ide.mcu.externaltools.gnu-tools-for-stm32.12.3.rel1.win32_1.1.0.202410251130/tools/bin/../lib/gcc/arm-none-eabi/12.3.1/../../../../arm-none-eabi/lib/thumb/v7e-m+fp/hard\libc_nano.a(libc_a-findfp.o) (_fwalk_sglue)
C:/ST/STM32CubeIDE_1.17.0/STM32CubeIDE/plugins/com.st.stm32cube.ide.mcu.externaltools.gnu-tools-for-stm32.12.3.rel1.win32_1.1.0.202410251130/tools/bin/../lib/gcc/arm-none-eabi/12.3.1/../../../../arm-none-eabi/lib/thumb/v7e-m+fp/hard\libc_nano.a(libc_a-stdio.o)
                              C:/ST/STM32CubeIDE_1.17.0/STM32CubeIDE/plugins/com.st.stm32cube.ide.mcu.externaltools.gnu-tools-for-stm32.12.3.rel1.win32_1.1.0.202410251130/tools/bin/../lib/gcc/arm-none-eabi/12.3.1/../../../../arm-none-eabi/lib/thumb/v7e-m+fp/hard\libc_nano.a(libc_a-findfp.o) (__sread)
C:/ST/STM32CubeIDE_1.17.0/STM32CubeIDE/plugins/com.st.stm32cube.ide.mcu.externaltools.gnu-tools-for-stm32.12.3.rel1.win32_1.1.0.202410251130/tools/bin/../lib/gcc/arm-none-eabi/12.3.1/../../../../arm-none-eabi/lib/thumb/v7e-m+fp/hard\libc_nano.a(libc_a-memset.o)
                              C:/ST/STM32CubeIDE_1.17.0/STM32CubeIDE/plugins/com.st.stm32cube.ide.mcu.externaltools.gnu-tools-for-stm32.12.3.rel1.win32_1.1.0.202410251130/tools/bin/../lib/gcc/arm-none-eabi/12.3.1/../../../../arm-none-eabi/lib/thumb/v7e-m+fp/hard/crt0.o (memset)
C:/ST/STM32CubeIDE_1.17.0/STM32CubeIDE/plugins/com.st.stm32cube.ide.mcu.externaltools.gnu-tools-for-stm32.12.3.rel1.win32_1.1.0.202410251130/tools/bin/../lib/gcc/arm-none-eabi/12.3.1/../../../../arm-none-eabi/lib/thumb/v7e-m+fp/hard\libc_nano.a(libc_a-closer.o)
                              C:/ST/STM32CubeIDE_1.17.0/STM32CubeIDE/plugins/com.st.stm32cube.ide.mcu.externaltools.gnu-tools-for-stm32.12.3.rel1.win32_1.1.0.202410251130/tools/bin/../lib/gcc/arm-none-eabi/12.3.1/../../../../arm-none-eabi/lib/thumb/v7e-m+fp/hard\libc_nano.a(libc_a-stdio.o) (_close_r)
C:/ST/STM32CubeIDE_1.17.0/STM32CubeIDE/plugins/com.st.stm32cube.ide.mcu.externaltools.gnu-tools-for-stm32.12.3.rel1.win32_1.1.0.202410251130/tools/bin/../lib/gcc/arm-none-eabi/12.3.1/../../../../arm-none-eabi/lib/thumb/v7e-m+fp/hard\libc_nano.a(libc_a-reent.o)
                              C:/ST/STM32CubeIDE_1.17.0/STM32CubeIDE/plugins/com.st.stm32cube.ide.mcu.externaltools.gnu-tools-for-stm32.12.3.rel1.win32_1.1.0.202410251130/tools/bin/../lib/gcc/arm-none-eabi/12.3.1/../../../../arm-none-eabi/lib/thumb/v7e-m+fp/hard\libc_nano.a(libc_a-closer.o) (errno)
C:/ST/STM32CubeIDE_1.17.0/STM32CubeIDE/plugins/com.st.stm32cube.ide.mcu.externaltools.gnu-tools-for-stm32.12.3.rel1.win32_1.1.0.202410251130/tools/bin/../lib/gcc/arm-none-eabi/12.3.1/../../../../arm-none-eabi/lib/thumb/v7e-m+fp/hard\libc_nano.a(libc_a-impure.o)
                              C:/ST/STM32CubeIDE_1.17.0/STM32CubeIDE/plugins/com.st.stm32cube.ide.mcu.externaltools.gnu-tools-for-stm32.12.3.rel1.win32_1.1.0.202410251130/tools/bin/../lib/gcc/arm-none-eabi/12.3.1/../../../../arm-none-eabi/lib/thumb/v7e-m+fp/hard\libc_nano.a(libc_a-reent.o) (_impure_ptr)
C:/ST/STM32CubeIDE_1.17.0/STM32CubeIDE/plugins/com.st.stm32cube.ide.mcu.externaltools.gnu-tools-for-stm32.12.3.rel1.win32_1.1.0.202410251130/tools/bin/../lib/gcc/arm-none-eabi/12.3.1/../../../../arm-none-eabi/lib/thumb/v7e-m+fp/hard\libc_nano.a(libc_a-lseekr.o)
[...]
Memory Configuration

Name             Origin             Length             Attributes
RAM              0x20000000         0x00020000         xrw
FLASH            0x08000000         0x00080000         xr
*default*        0x00000000         0xffffffff

Linker script and memory map

LOAD C:/ST/STM32CubeIDE_1.17.0/STM32CubeIDE/plugins/com.st.stm32cube.ide.mcu.externaltools.gnu-tools-for-stm32.12.3.rel1.win32_1.1.0.202410251130/tools/bin/../lib/gcc/arm-none-eabi/12.3.1/thumb/v7e-m+fp/hard/crti.o
LOAD C:/ST/STM32CubeIDE_1.17.0/STM32CubeIDE/plugins/com.st.stm32cube.ide.mcu.externaltools.gnu-tools-for-stm32.12.3.rel1.win32_1.1.0.202410251130/tools/bin/../lib/gcc/arm-none-eabi/12.3.1/thumb/v7e-m+fp/hard/crtbegin.o
LOAD C:/ST/STM32CubeIDE_1.17.0/STM32CubeIDE/plugins/com.st.stm32cube.ide.mcu.externaltools.gnu-tools-for-stm32.12.3.rel1.win32_1.1.0.202410251130/tools/bin/../lib/gcc/arm-none-eabi/12.3.1/../../../../arm-none-eabi/lib/thumb/v7e-m+fp/hard/crt0.o
LOAD ./Application/Startup/startup_stm32g474retx.o
LOAD ./Application/User/main.o
LOAD ./Application/User/stm32g4xx_hal_msp.o
LOAD ./Application/User/stm32g4xx_it.o
LOAD ./Application/User/syscalls.o
LOAD ./Application/User/sysmem.o
LOAD ./Drivers/BSP/STM32G4xx_Nucleo/stm32g4xx_nucleo.o
LOAD ./Drivers/CMSIS/system_stm32g4xx.o
LOAD ./Drivers/STM32G4xx_HAL_Driver/stm32g4xx_hal.o
LOAD ./Drivers/STM32G4xx_HAL_Driver/stm32g4xx_hal_cortex.o
LOAD ./Drivers/STM32G4xx_HAL_Driver/stm32g4xx_hal_dma.o
LOAD ./Drivers/STM32G4xx_HAL_Driver/stm32g4xx_hal_dma_ex.o
LOAD ./Drivers/STM32G4xx_HAL_Driver/stm32g4xx_hal_exti.o
LOAD ./Drivers/STM32G4xx_HAL_Driver/stm32g4xx_hal_flash.o
LOAD ./Drivers/STM32G4xx_HAL_Driver/stm32g4xx_hal_flash_ex.o
LOAD ./Drivers/STM32G4xx_HAL_Driver/stm32g4xx_hal_flash_ramfunc.o
LOAD ./Drivers/STM32G4xx_HAL_Driver/stm32g4xx_hal_gpio.o
LOAD ./Drivers/STM32G4xx_HAL_Driver/stm32g4xx_hal_hrtim.o
LOAD ./Drivers/STM32G4xx_HAL_Driver/stm32g4xx_hal_pwr.o
LOAD ./Drivers/STM32G4xx_HAL_Driver/stm32g4xx_hal_pwr_ex.o
LOAD ./Drivers/STM32G4xx_HAL_Driver/stm32g4xx_hal_rcc.o
LOAD ./Drivers/STM32G4xx_HAL_Driver/stm32g4xx_hal_rcc_ex.o
LOAD ./Drivers/STM32G4xx_HAL_Driver/stm32g4xx_hal_tim.o
LOAD ./Drivers/STM32G4xx_HAL_Driver/stm32g4xx_hal_tim_ex.o
LOAD ./Drivers/STM32G4xx_HAL_Driver/stm32g4xx_hal_uart.o
LOAD ./Drivers/STM32G4xx_HAL_Driver/stm32g4xx_hal_uart_ex.o
LOAD ./Drivers/STM32G4xx_HAL_Driver/stm32g4xx_ll_pwr.o
START GROUP
LOAD C:/ST/STM32CubeIDE_1.17.0/STM32CubeIDE/plugins/com.st.stm32cube.ide.mcu.externaltools.gnu-tools-for-stm32.12.3.rel1.win32_1.1.0.202410251130/tools/bin/../lib/gcc/arm-none-eabi/12.3.1/../../../../arm-none-eabi/lib/thumb/v7e-m+fp/hard\libc_nano.a
LOAD C:/ST/STM32CubeIDE_1.17.0/STM32CubeIDE/plugins/com.st.stm32cube.ide.mcu.externaltools.gnu-tools-for-stm32.12.3.rel1.win32_1.1.0.202410251130/tools/bin/../lib/gcc/arm-none-eabi/12.3.1/../../../../arm-none-eabi/lib/thumb/v7e-m+fp/hard\libm.a
END GROUP
START GROUP
LOAD C:/ST/STM32CubeIDE_1.17.0/STM32CubeIDE/plugins/com.st.stm32cube.ide.mcu.externaltools.gnu-tools-for-stm32.12.3.rel1.win32_1.1.0.202410251130/tools/bin/../lib/gcc/arm-none-eabi/12.3.1/thumb/v7e-m+fp/hard\libgcc.a
LOAD C:/ST/STM32CubeIDE_1.17.0/STM32CubeIDE/plugins/com.st.stm32cube.ide.mcu.externaltools.gnu-tools-for-stm32.12.3.rel1.win32_1.1.0.202410251130/tools/bin/../lib/gcc/arm-none-eabi/12.3.1/../../../../arm-none-eabi/lib/thumb/v7e-m+fp/hard\libc_nano.a
END GROUP
START GROUP
LOAD C:/ST/STM32CubeIDE_1.17.0/STM32CubeIDE/plugins/com.st.stm32cube.ide.mcu.externaltools.gnu-tools-for-stm32.12.3.rel1.win32_1.1.0.202410251130/tools/bin/../lib/gcc/arm-none-eabi/12.3.1/thumb/v7e-m+fp/hard\libgcc.a
LOAD C:/ST/STM32CubeIDE_1.17.0/STM32CubeIDE/plugins/com.st.stm32cube.ide.mcu.externaltools.gnu-tools-for-stm32.12.3.rel1.win32_1.1.0.202410251130/tools/bin/../lib/gcc/arm-none-eabi/12.3.1/../../../../arm-none-eabi/lib/thumb/v7e-m+fp/hard\libc_nano.a
LOAD C:/ST/STM32CubeIDE_1.17.0/STM32CubeIDE/plugins/com.st.stm32cube.ide.mcu.externaltools.gnu-tools-for-stm32.12.3.rel1.win32_1.1.0.202410251130/tools/bin/../lib/gcc/arm-none-eabi/12.3.1/../../../../arm-none-eabi/lib/thumb/v7e-m+fp/hard\libnosys.a
END GROUP
START GROUP
LOAD C:/ST/STM32CubeIDE_1.17.0/STM32CubeIDE/plugins/com.st.stm32cube.ide.mcu.externaltools.gnu-tools-for-stm32.12.3.rel1.win32_1.1.0.202410251130/tools/bin/../lib/gcc/arm-none-eabi/12.3.1/thumb/v7e-m+fp/hard\libgcc.a
LOAD C:/ST/STM32CubeIDE_1.17.0/STM32CubeIDE/plugins/com.st.stm32cube.ide.mcu.externaltools.gnu-tools-for-stm32.12.3.rel1.win32_1.1.0.202410251130/tools/bin/../lib/gcc/arm-none-eabi/12.3.1/../../../../arm-none-eabi/lib/thumb/v7e-m+fp/hard\libc_nano.a
LOAD C:/ST/STM32CubeIDE_1.17.0/STM32CubeIDE/plugins/com.st.stm32cube.ide.mcu.externaltools.gnu-tools-for-stm32.12.3.rel1.win32_1.1.0.202410251130/tools/bin/../lib/gcc/arm-none-eabi/12.3.1/../../../../arm-none-eabi/lib/thumb/v7e-m+fp/hard\libnosys.a
END GROUP
LOAD C:/ST/STM32CubeIDE_1.17.0/STM32CubeIDE/plugins/com.st.stm32cube.ide.mcu.externaltools.gnu-tools-for-stm32.12.3.rel1.win32_1.1.0.202410251130/tools/bin/../lib/gcc/arm-none-eabi/12.3.1/thumb/v7e-m+fp/hard/crtend.o
LOAD C:/ST/STM32CubeIDE_1.17.0/STM32CubeIDE/plugins/com.st.stm32cube.ide.mcu.externaltools.gnu-tools-for-stm32.12.3.rel1.win32_1.1.0.202410251130/tools/bin/../lib/gcc/arm-none-eabi/12.3.1/thumb/v7e-m+fp/hard/crtn.o
                0x20020000                        _estack = (ORIGIN (RAM) + LENGTH (RAM))
                0x00000200                        _Min_Heap_Size = 0x200
                0x00000400                        _Min_Stack_Size = 0x400

.isr_vector     0x08000000      0x1d8
                0x08000000                        . = ALIGN (0x4)
 *(.isr_vector)
 .isr_vector    0x08000000      0x1d8 ./Application/Startup/startup_stm32g474retx.o
                0x08000000                g_pfnVectors
                0x080001d8                        . = ALIGN (0x4)

.text           0x080001d8     0x2aac
                0x080001d8                        . = ALIGN (0x4)
 *(.text)
 .text          0x080001d8       0x40 C:/ST/STM32CubeIDE_1.17.0/STM32CubeIDE/plugins/com.st.stm32cube.ide.mcu.externaltools.gnu-tools-for-stm32.12.3.rel1.win32_1.1.0.202410251130/tools/bin/../lib/gcc/arm-none-eabi/12.3.1/thumb/v7e-m+fp/hard/crtbegin.o
 *(.text*)
 .text.Reset_Handler
                0x08000218       0x50 ./Application/Startup/startup_stm32g474retx.o
                0x08000218                Reset_Handler
 .text.Default_Handler
                0x08000268        0x2 ./Application/Startup/startup_stm32g474retx.o
                0x08000268                RTC_Alarm_IRQHandler
                0x08000268                EXTI2_IRQHandler
                0x08000268                TIM8_TRG_COM_IRQHandler
                0x08000268                TIM8_CC_IRQHandler
                0x08000268                HRTIM1_Master_IRQHandler
                0x08000268                SPI4_IRQHandler
                0x08000268                FDCAN3_IT0_IRQHandler
                0x08000268                TIM1_CC_IRQHandler
                0x08000268                HRTIM1_FLT_IRQHandler
                0x08000268                HRTIM1_TIMF_IRQHandler
                0x08000268                USB_HP_IRQHandler
                0x08000268                CORDIC_IRQHandler
                0x08000268                HRTIM1_TIMD_IRQHandler
                0x08000268                DMA2_Channel8_IRQHandler
                0x08000268                EXTI3_IRQHandler
                0x08000268                I2C3_ER_IRQHandler
                0x08000268                EXTI0_IRQHandler
                0x08000268                I2C2_EV_IRQHandler
                0x08000268                FPU_IRQHandler
                0x08000268                FDCAN1_IT1_IRQHandler
                0x08000268                TIM1_UP_TIM16_IRQHandler
                0x08000268                ADC1_2_IRQHandler
                0x08000268                HRTIM1_TIME_IRQHandler
                0x08000268                SPI1_IRQHandler
                0x08000268                TIM6_DAC_IRQHandler
                0x08000268                HRTIM1_TIMC_IRQHandler
                0x08000268                TIM8_UP_IRQHandler
                0x08000268                DMA2_Channel2_IRQHandler
                0x08000268                DMA1_Channel4_IRQHandler
                0x08000268                TIM20_TRG_COM_IRQHandler
                0x08000268                USART3_IRQHandler
                0x08000268                DMA1_Channel7_IRQHandler
                0x08000268                UART5_IRQHandler
                0x08000268                ADC3_IRQHandler
                0x08000268                TIM4_IRQHandler
                0x08000268                DMA2_Channel1_IRQHandler
                0x08000268                QUADSPI_IRQHandler
                0x08000268                I2C1_EV_IRQHandler
                0x08000268                DMA1_Channel6_IRQHandler
                0x08000268                UART4_IRQHandler
                0x08000268                DMA2_Channel4_IRQHandler
                0x08000268                TIM3_IRQHandler
                0x08000268                RCC_IRQHandler
                0x08000268                TIM20_UP_IRQHandler
                0x08000268                DMA1_Channel1_IRQHandler
                0x08000268                Default_Handler
                0x08000268                DMA2_Channel7_IRQHandler
                0x08000268                RTC_TAMP_LSECSS_IRQHandler
                0x08000268                FMAC_IRQHandler
                0x08000268                DMA1_Channel8_IRQHandler
                0x08000268                HRTIM1_TIMA_IRQHandler
                0x08000268                TIM7_DAC_IRQHandler
                0x08000268                FDCAN3_IT1_IRQHandler
                0x08000268                TIM5_IRQHandler
                0x08000268                UCPD1_IRQHandler
                0x08000268                I2C3_EV_IRQHandler
                0x08000268                EXTI9_5_IRQHandler
                0x08000268                RTC_WKUP_IRQHandler
                0x08000268                PVD_PVM_IRQHandler
                0x08000268                SPI2_IRQHandler
                0x08000268                ADC5_IRQHandler
                0x08000268                DMA2_Channel5_IRQHandler
                0x08000268                CRS_IRQHandler
                0x08000268                DMA1_Channel5_IRQHandler
                0x08000268                USB_LP_IRQHandler
                0x08000268                EXTI4_IRQHandler
                0x08000268                RNG_IRQHandler
                0x08000268                HRTIM1_TIMB_IRQHandler
                0x08000268                TIM1_TRG_COM_TIM17_IRQHandler
                0x08000268                FDCAN2_IT1_IRQHandler
                0x08000268                DMA1_Channel3_IRQHandler
                0x08000268                ADC4_IRQHandler
                0x08000268                WWDG_IRQHandler
                0x08000268                I2C4_EV_IRQHandler
                0x08000268                FDCAN2_IT0_IRQHandler
                0x08000268                LPUART1_IRQHandler
                0x08000268                DMA2_Channel6_IRQHandler
                0x08000268                FDCAN1_IT0_IRQHandler
                0x08000268                TIM2_IRQHandler
                0x08000268                COMP7_IRQHandler
                0x08000268                COMP1_2_3_IRQHandler
                0x08000268                EXTI1_IRQHandler
                0x08000268                USART2_IRQHandler
                0x08000268                COMP4_5_6_IRQHandler
                0x08000268                TIM20_BRK_IRQHandler
                0x08000268                I2C2_ER_IRQHandler
                0x08000268                DMA1_Channel2_IRQHandler
                0x08000268                TIM8_BRK_IRQHandler
                0x08000268                FLASH_IRQHandler
                0x08000268                TIM20_CC_IRQHandler
                0x08000268                USART1_IRQHandler
                0x08000268                SPI3_IRQHandler
                0x08000268                I2C1_ER_IRQHandler
                0x08000268                FMC_IRQHandler
                0x08000268                LPTIM1_IRQHandler
                0x08000268                DMAMUX_OVR_IRQHandler
                0x08000268                I2C4_ER_IRQHandler
                0x08000268                USBWakeUp_IRQHandler
                0x08000268                SAI1_IRQHandler
                0x08000268                DMA2_Channel3_IRQHandler
                0x08000268                TIM1_BRK_TIM15_IRQHandler
 *fill*         0x0800026a        0x2 
 .text.main     0x0800026c       0x88 ./Application/User/main.o
                0x0800026c                main
 .text.SystemClock_Config
                0x080002f4       0x92 ./Application/User/main.o
                0x080002f4                SystemClock_Config
 *fill*         0x08000386        0x2 
 .text.MX_HRTIM1_Init
                0x08000388      0x1d4 ./Application/User/main.o
 .text.MX_GPIO_Init
                0x0800055c       0xfc ./Application/User/main.o
 .text.Error_Handler
                0x08000658        0xe ./Application/User/main.o
                0x08000658                Error_Handler
 *fill*         0x08000666        0x2 
 .text.HAL_MspInit
                0x08000668       0x48 ./Application/User/stm32g4xx_hal_msp.o
                0x08000668                HAL_MspInit
 .text.HAL_HRTIM_MspInit
                0x080006b0       0x40 ./Application/User/stm32g4xx_hal_msp.o
                0x080006b0                HAL_HRTIM_MspInit
 .text.HAL_HRTIM_MspPostInit
                0x080006f0       0x70 ./Application/User/stm32g4xx_hal_msp.o
                0x080006f0                HAL_HRTIM_MspPostInit
 .text.NMI_Handler
                0x08000760        0xe ./Application/User/stm32g4xx_it.o
                0x08000760                NMI_Handler
 .text.HardFault_Handler
                0x0800076e        0x8 ./Application/User/stm32g4xx_it.o
                0x0800076e                HardFault_Handler
 .text.MemManage_Handler
                0x08000776        0x8 ./Application/User/stm32g4xx_it.o
                0x08000776                MemManage_Handler
 .text.BusFault_Handler
                0x0800077e        0x8 ./Application/User/stm32g4xx_it.o
                0x0800077e                BusFault_Handler
 .text.UsageFault_Handler
                0x08000786        0x8 ./Application/User/stm32g4xx_it.o
                0x08000786                UsageFault_Handler
 .text.SVC_Handler
                0x0800078e        0xe ./Application/User/stm32g4xx_it.o
                0x0800078e                SVC_Handler
 .text.DebugMon_Handler
                0x0800079c        0xe ./Application/User/stm32g4xx_it.o
                0x0800079c                DebugMon_Handler
 .text.PendSV_Handler
                0x080007aa        0xe ./Application/User/stm32g4xx_it.o
                0x080007aa                PendSV_Handler
 .text.SysTick_Handler
                0x080007b8        0xc ./Application/User/stm32g4xx_it.o
                0x080007b8                SysTick_Handler
 .text.EXTI15_10_IRQHandler
                0x080007c4       0x10 ./Application/User/stm32g4xx_it.o
                0x080007c4                EXTI15_10_IRQHandler
 .text.BSP_LED_Init
                0x080007d4       0x6c ./Drivers/BSP/STM32G4xx_Nucleo/stm32g4xx_nucleo.o
                0x080007d4                BSP_LED_Init
 .text.BSP_LED_On
                0x08000840       0x2c ./Drivers/BSP/STM32G4xx_Nucleo/stm32g4xx_nucleo.o
                0x08000840                BSP_LED_On
 .text.BSP_LED_Toggle
                0x0800086c       0x2c ./Drivers/BSP/STM32G4xx_Nucleo/stm32g4xx_nucleo.o
                0x0800086c                BSP_LED_Toggle
 .text.SystemInit
                0x08000898       0x2c ./Drivers/CMSIS/system_stm32g4xx.o
                0x08000898                SystemInit
 .text.HAL_Init
                0x080008c4       0x30 ./Drivers/STM32G4xx_HAL_Driver/stm32g4xx_hal.o
                0x080008c4                HAL_Init
 .text.HAL_InitTick
                0x080008f4       0x74 ./Drivers/STM32G4xx_HAL_Driver/stm32g4xx_hal.o
                0x080008f4                HAL_InitTick
 .text.HAL_IncTick
                0x08000968       0x24 ./Drivers/STM32G4xx_HAL_Driver/stm32g4xx_hal.o
                0x08000968                HAL_IncTick
 .text.HAL_GetTick
                0x0800098c       0x18 ./Drivers/STM32G4xx_HAL_Driver/stm32g4xx_hal.o
                0x0800098c                HAL_GetTick
 .text.HAL_Delay
                0x080009a4       0x44 ./Drivers/STM32G4xx_HAL_Driver/stm32g4xx_hal.o
                0x080009a4                HAL_Delay
 .text.__NVIC_SetPriorityGrouping
                0x080009e8       0x48 ./Drivers/STM32G4xx_HAL_Driver/stm32g4xx_hal_cortex.o
 .text.__NVIC_GetPriorityGrouping
                0x08000a30       0x1c ./Drivers/STM32G4xx_HAL_Driver/stm32g4xx_hal_cortex.o
 .text.__NVIC_EnableIRQ
                0x08000a4c       0x3c ./Drivers/STM32G4xx_HAL_Driver/stm32g4xx_hal_cortex.o
 .text.__NVIC_SetPriority
                0x08000a88       0x54 ./Drivers/STM32G4xx_HAL_Driver/stm32g4xx_hal_cortex.o
 .text.NVIC_EncodePriority
                0x08000adc       0x66 ./Drivers/STM32G4xx_HAL_Driver/stm32g4xx_hal_cortex.o
 *fill*         0x08000b42        0x2 
 .text.SysTick_Config
                0x08000b44       0x44 ./Drivers/STM32G4xx_HAL_Driver/stm32g4xx_hal_cortex.o
 .text.HAL_NVIC_SetPriorityGrouping
                0x08000b88       0x16 ./Drivers/STM32G4xx_HAL_Driver/stm32g4xx_hal_cortex.o
                0x08000b88                HAL_NVIC_SetPriorityGrouping
 .text.HAL_NVIC_SetPriority
                0x08000b9e       0x34 ./Drivers/STM32G4xx_HAL_Driver/stm32g4xx_hal_cortex.o
                0x08000b9e                HAL_NVIC_SetPriority
 .text.HAL_NVIC_EnableIRQ
                0x08000bd2       0x1c ./Drivers/STM32G4xx_HAL_Driver/stm32g4xx_hal_cortex.o
                0x08000bd2                HAL_NVIC_EnableIRQ
 .text.HAL_SYSTICK_Config
                0x08000bee       0x18 ./Drivers/STM32G4xx_HAL_Driver/stm32g4xx_hal_cortex.o
                0x08000bee                HAL_SYSTICK_Config
 *fill*         0x08000c06        0x2 
 .text.HAL_GPIO_Init
                0x08000c08      0x304 ./Drivers/STM32G4xx_HAL_Driver/stm32g4xx_hal_gpio.o
                0x08000c08                HAL_GPIO_Init
 .text.HAL_GPIO_WritePin
                0x08000f0c       0x30 ./Drivers/STM32G4xx_HAL_Driver/stm32g4xx_hal_gpio.o
                0x08000f0c                HAL_GPIO_WritePin
 .text.HAL_GPIO_TogglePin
                0x08000f3c       0x34 ./Drivers/STM32G4xx_HAL_Driver/stm32g4xx_hal_gpio.o
                0x08000f3c                HAL_GPIO_TogglePin
 .text.HAL_GPIO_EXTI_IRQHandler
                0x08000f70       0x30 ./Drivers/STM32G4xx_HAL_Driver/stm32g4xx_hal_gpio.o
                0x08000f70                HAL_GPIO_EXTI_IRQHandler
 .text.HAL_GPIO_EXTI_Callback
                0x08000fa0       0x16 ./Drivers/STM32G4xx_HAL_Driver/stm32g4xx_hal_gpio.o
                0x08000fa0                HAL_GPIO_EXTI_Callback
 *fill*         0x08000fb6        0x2 
 .text.HAL_HRTIM_Init
                0x08000fb8      0x1a0 ./Drivers/STM32G4xx_HAL_Driver/stm32g4xx_hal_hrtim.o
                0x08000fb8                HAL_HRTIM_Init
 .text.HAL_HRTIM_DLLCalibrationStart
                0x08001158       0xb0 ./Drivers/STM32G4xx_HAL_Driver/stm32g4xx_hal_hrtim.o
                0x08001158                HAL_HRTIM_DLLCalibrationStart
 .text.HAL_HRTIM_PollForDLLCalibration
                0x08001208       0x68 ./Drivers/STM32G4xx_HAL_Driver/stm32g4xx_hal_hrtim.o
                0x08001208                HAL_HRTIM_PollForDLLCalibration
 .text.HAL_HRTIM_TimeBaseConfig
                0x08001270       0x50 ./Drivers/STM32G4xx_HAL_Driver/stm32g4xx_hal_hrtim.o
                0x08001270                HAL_HRTIM_TimeBaseConfig
 .text.HAL_HRTIM_WaveformTimerConfig
                0x080012c0      0x11a ./Drivers/STM32G4xx_HAL_Driver/stm32g4xx_hal_hrtim.o
                0x080012c0                HAL_HRTIM_WaveformTimerConfig
 .text.HAL_HRTIM_WaveformTimerControl
                0x080013da       0x66 ./Drivers/STM32G4xx_HAL_Driver/stm32g4xx_hal_hrtim.o
                0x080013da                HAL_HRTIM_WaveformTimerControl
 .text.HAL_HRTIM_WaveformCompareConfig
                0x08001440      0x2dc ./Drivers/STM32G4xx_HAL_Driver/stm32g4xx_hal_hrtim.o
                0x08001440                HAL_HRTIM_WaveformCompareConfig
 .text.HAL_HRTIM_WaveformOutputConfig
                0x0800171c       0x62 ./Drivers/STM32G4xx_HAL_Driver/stm32g4xx_hal_hrtim.o
                0x0800171c                HAL_HRTIM_WaveformOutputConfig
 .text.HAL_HRTIM_WaveformOutputStart
                0x0800177e       0x5a ./Drivers/STM32G4xx_HAL_Driver/stm32g4xx_hal_hrtim.o
                0x0800177e                HAL_HRTIM_WaveformOutputStart
 .text.HAL_HRTIM_WaveformCountStart
                0x080017d8       0x56 ./Drivers/STM32G4xx_HAL_Driver/stm32g4xx_hal_hrtim.o
                0x080017d8                HAL_HRTIM_WaveformCountStart
 .text.HRTIM_MasterBase_Config
                0x0800182e       0x5e ./Drivers/STM32G4xx_HAL_Driver/stm32g4xx_hal_hrtim.o
 .text.HRTIM_TimingUnitBase_Config
                0x0800188c       0x80 ./Drivers/STM32G4xx_HAL_Driver/stm32g4xx_hal_hrtim.o
 .text.HRTIM_MasterWaveform_Config
                0x0800190c      0x13a ./Drivers/STM32G4xx_HAL_Driver/stm32g4xx_hal_hrtim.o
 *fill*         0x08001a46        0x2 
 .text.HRTIM_TimingUnitWaveform_Config
                0x08001a48      0x30c ./Drivers/STM32G4xx_HAL_Driver/stm32g4xx_hal_hrtim.o
 .text.HRTIM_TimingUnitWaveform_Control
                0x08001d54       0xc0 ./Drivers/STM32G4xx_HAL_Driver/stm32g4xx_hal_hrtim.o
 .text.HRTIM_OutputConfig
                0x08001e14      0x1d0 ./Drivers/STM32G4xx_HAL_Driver/stm32g4xx_hal_hrtim.o
 .text.HRTIM_ForceRegistersUpdate
                0x08001fe4       0xdc ./Drivers/STM32G4xx_HAL_Driver/stm32g4xx_hal_hrtim.o
 .text.HAL_PWREx_ControlVoltageScaling
                0x080020c0      0x148 ./Drivers/STM32G4xx_HAL_Driver/stm32g4xx_hal_pwr_ex.o
                0x080020c0                HAL_PWREx_ControlVoltageScaling
 .text.HAL_PWREx_DisableUCPDDeadBattery
                0x08002208       0x20 ./Drivers/STM32G4xx_HAL_Driver/stm32g4xx_hal_pwr_ex.o
                0x08002208                HAL_PWREx_DisableUCPDDeadBattery
 .text.HAL_RCC_OscConfig
                0x08002228      0x624 ./Drivers/STM32G4xx_HAL_Driver/stm32g4xx_hal_rcc.o
                0x08002228                HAL_RCC_OscConfig
 .text.HAL_RCC_ClockConfig
                0x0800284c      0x278 ./Drivers/STM32G4xx_HAL_Driver/stm32g4xx_hal_rcc.o
                0x0800284c                HAL_RCC_ClockConfig
 .text.HAL_RCC_GetSysClockFreq
                0x08002ac4       0xc4 ./Drivers/STM32G4xx_HAL_Driver/stm32g4xx_hal_rcc.o
                0x08002ac4                HAL_RCC_GetSysClockFreq
 .text.RCC_GetSysClockFreqFromPLLSource
                0x08002b88       0x8c ./Drivers/STM32G4xx_HAL_Driver/stm32g4xx_hal_rcc.o
 .text.memset   0x08002c14       0x10 C:/ST/STM32CubeIDE_1.17.0/STM32CubeIDE/plugins/com.st.stm32cube.ide.mcu.externaltools.gnu-tools-for-stm32.12.3.rel1.win32_1.1.0.202410251130/tools/bin/../lib/gcc/arm-none-eabi/12.3.1/../../../../arm-none-eabi/lib/thumb/v7e-m+fp/hard\libc_nano.a(libc_a-memset.o)
                0x08002c14                memset
 .text.__libc_init_array
                0x08002c24       0x48 C:/ST/STM32CubeIDE_1.17.0/STM32CubeIDE/plugins/com.st.stm32cube.ide.mcu.externaltools.gnu-tools-for-stm32.12.3.rel1.win32_1.1.0.202410251130/tools/bin/../lib/gcc/arm-none-eabi/12.3.1/../../../../arm-none-eabi/lib/thumb/v7e-m+fp/hard\libc_nano.a(libc_a-init.o)
                0x08002c24                __libc_init_array
 *(.glue_7)
 .glue_7        0x08002c6c        0x0 linker stubs
 *(.glue_7t)
 .glue_7t       0x08002c6c        0x0 linker stubs
 *(.eh_frame)
 .eh_frame      0x08002c6c        0x0 C:/ST/STM32CubeIDE_1.17.0/STM32CubeIDE/plugins/com.st.stm32cube.ide.mcu.externaltools.gnu-tools-for-stm32.12.3.rel1.win32_1.1.0.202410251130/tools/bin/../lib/gcc/arm-none-eabi/12.3.1/thumb/v7e-m+fp/hard/crtbegin.o
 *(.init)
 .init          0x08002c6c        0x4 C:/ST/STM32CubeIDE_1.17.0/STM32CubeIDE/plugins/com.st.stm32cube.ide.mcu.externaltools.gnu-tools-for-stm32.12.3.rel1.win32_1.1.0.202410251130/tools/bin/../lib/gcc/arm-none-eabi/12.3.1/thumb/v7e-m+fp/hard/crti.o
                0x08002c6c                _init
 .init          0x08002c70        0x8 C:/ST/STM32CubeIDE_1.17.0/STM32CubeIDE/plugins/com.st.stm32cube.ide.mcu.externaltools.gnu-tools-for-stm32.12.3.rel1.win32_1.1.0.202410251130/tools/bin/../lib/gcc/arm-none-eabi/12.3.1/thumb/v7e-m+fp/hard/crtn.o
 *(.fini)
 .fini          0x08002c78        0x4 C:/ST/STM32CubeIDE_1.17.0/STM32CubeIDE/plugins/com.st.stm32cube.ide.mcu.externaltools.gnu-tools-for-stm32.12.3.rel1.win32_1.1.0.202410251130/tools/bin/../lib/gcc/arm-none-eabi/12.3.1/thumb/v7e-m+fp/hard/crti.o
                0x08002c78                _fini
 .fini          0x08002c7c        0x8 C:/ST/STM32CubeIDE_1.17.0/STM32CubeIDE/plugins/com.st.stm32cube.ide.mcu.externaltools.gnu-tools-for-stm32.12.3.rel1.win32_1.1.0.202410251130/tools/bin/../lib/gcc/arm-none-eabi/12.3.1/thumb/v7e-m+fp/hard/crtn.o
                0x08002c84                        . = ALIGN (0x4)
                0x08002c84                        _etext = .

.vfp11_veneer   0x08002c84        0x0
 .vfp11_veneer  0x08002c84        0x0 linker stubs

.v4_bx          0x08002c84        0x0
 .v4_bx         0x08002c84        0x0 linker stubs

.iplt           0x08002c84        0x0
 .iplt          0x08002c84        0x0 C:/ST/STM32CubeIDE_1.17.0/STM32CubeIDE/plugins/com.st.stm32cube.ide.mcu.externaltools.gnu-tools-for-stm32.12.3.rel1.win32_1.1.0.202410251130/tools/bin/../lib/gcc/arm-none-eabi/12.3.1/thumb/v7e-m+fp/hard/crtbegin.o

.rodata         0x08002c84       0x10
                0x08002c84                        . = ALIGN (0x4)
 *(.rodata)
 *(.rodata*)
 .rodata.AHBPrescTable
                0x08002c84       0x10 ./Drivers/CMSIS/system_stm32g4xx.o
                0x08002c84                AHBPrescTable
                0x08002c94                        . = ALIGN (0x4)

.ARM.extab      0x08002c94        0x0
                0x08002c94                        . = ALIGN (0x4)
 *(.ARM.extab* .gnu.linkonce.armextab.*)
                0x08002c94                        . = ALIGN (0x4)

.ARM            0x08002c94        0x0
                0x08002c94                        . = ALIGN (0x4)
                0x08002c94                        __exidx_start = .
 *(.ARM.exidx*)
                0x08002c94                        __exidx_end = .
                0x08002c94                        . = ALIGN (0x4)

.preinit_array  0x08002c94        0x0
                0x08002c94                        . = ALIGN (0x4)
                0x08002c94                        PROVIDE (__preinit_array_start = .)
 *(.preinit_array*)
                0x08002c94                        PROVIDE (__preinit_array_end = .)
                0x08002c94                        . = ALIGN (0x4)

.init_array     0x08002c94        0x4
                0x08002c94                        . = ALIGN (0x4)
                0x08002c94                        PROVIDE (__init_array_start = .)
 *(SORT_BY_NAME(.init_array.*))
 *(.init_array*)
 .init_array    0x08002c94        0x4 C:/ST/STM32CubeIDE_1.17.0/STM32CubeIDE/plugins/com.st.stm32cube.ide.mcu.externaltools.gnu-tools-for-stm32.12.3.rel1.win32_1.1.0.202410251130/tools/bin/../lib/gcc/arm-none-eabi/12.3.1/thumb/v7e-m+fp/hard/crtbegin.o
                0x08002c98                        PROVIDE (__init_array_end = .)
                0x08002c98                        . = ALIGN (0x4)

.fini_array     0x08002c98        0x4
                0x08002c98                        . = ALIGN (0x4)
                [!provide]                        PROVIDE (__fini_array_start = .)
 *(SORT_BY_NAME(.fini_array.*))
 *(.fini_array*)
 .fini_array    0x08002c98        0x4 C:/ST/STM32CubeIDE_1.17.0/STM32CubeIDE/plugins/com.st.stm32cube.ide.mcu.externaltools.gnu-tools-for-stm32.12.3.rel1.win32_1.1.0.202410251130/tools/bin/../lib/gcc/arm-none-eabi/12.3.1/thumb/v7e-m+fp/hard/crtbegin.o
                [!provide]                        PROVIDE (__fini_array_end = .)
                0x08002c9c                        . = ALIGN (0x4)
                0x08002c9c                        _sidata = LOADADDR (.data)

.rel.dyn        0x08002c9c        0x0
 .rel.iplt      0x08002c9c        0x0 C:/ST/STM32CubeIDE_1.17.0/STM32CubeIDE/plugins/com.st.stm32cube.ide.mcu.externaltools.gnu-tools-for-stm32.12.3.rel1.win32_1.1.0.202410251130/tools/bin/../lib/gcc/arm-none-eabi/12.3.1/thumb/v7e-m+fp/hard/crtbegin.o

.data           0x20000000       0x14 load address 0x08002c9c
                0x20000000                        . = ALIGN (0x4)
                0x20000000                        _sdata = .
 *(.data)
 *(.data*)
 .data.duty_percent
                0x20000000        0x4 ./Application/User/main.o
                0x20000000                duty_percent
 .data.LED_PORT
                0x20000004        0x4 ./Drivers/BSP/STM32G4xx_Nucleo/stm32g4xx_nucleo.o
 .data.SystemCoreClock
                0x20000008        0x4 ./Drivers/CMSIS/system_stm32g4xx.o
                0x20000008                SystemCoreClock
 .data.uwTickPrio
                0x2000000c        0x4 ./Drivers/STM32G4xx_HAL_Driver/stm32g4xx_hal.o
                0x2000000c                uwTickPrio
 .data.uwTickFreq
                0x20000010        0x4 ./Drivers/STM32G4xx_HAL_Driver/stm32g4xx_hal.o
                0x20000010                uwTickFreq
                0x20000014                        . = ALIGN (0x4)
                0x20000014                        _edata = .

.igot.plt       0x20000014        0x0 load address 0x08002cb0
 .igot.plt      0x20000014        0x0 C:/ST/STM32CubeIDE_1.17.0/STM32CubeIDE/plugins/com.st.stm32cube.ide.mcu.externaltools.gnu-tools-for-stm32.12.3.rel1.win32_1.1.0.202410251130/tools/bin/../lib/gcc/arm-none-eabi/12.3.1/thumb/v7e-m+fp/hard/crtbegin.o
                0x20000014                        . = ALIGN (0x4)

.bss            0x20000014      0x120 load address 0x08002cb0
                0x20000014                        _sbss = .
                0x20000014                        __bss_start__ = _sbss
 *(.bss)
 .bss           0x20000014       0x1c C:/ST/STM32CubeIDE_1.17.0/STM32CubeIDE/plugins/com.st.stm32cube.ide.mcu.externaltools.gnu-tools-for-stm32.12.3.rel1.win32_1.1.0.202410251130/tools/bin/../lib/gcc/arm-none-eabi/12.3.1/thumb/v7e-m+fp/hard/crtbegin.o
 *(.bss*)
 .bss.hhrtim1   0x20000030       0xfc ./Application/User/main.o
                0x20000030                hhrtim1
 .bss.compare   0x2000012c        0x4 ./Application/User/main.o
                0x2000012c                compare
 .bss.uwTick    0x20000130        0x4 ./Drivers/STM32G4xx_HAL_Driver/stm32g4xx_hal.o
                0x20000130                uwTick
 *(COMMON)
                0x20000134                        . = ALIGN (0x4)
                0x20000134                        _ebss = .
                0x20000134                        __bss_end__ = _ebss

._user_heap_stack
                0x20000134      0x604 load address 0x08002cb0
                0x20000138                        . = ALIGN (0x8)
 *fill*         0x20000134        0x4 
                [!provide]                        PROVIDE (end = .)
                0x20000138                        PROVIDE (_end = .)
                0x20000338                        . = (. + _Min_Heap_Size)
 *fill*         0x20000138      0x200 
                0x20000738                        . = (. + _Min_Stack_Size)
 *fill*         0x20000338      0x400 
                0x20000738                        . = ALIGN (0x8)

/DISCARD/
 libc.a(*)
 libm.a(*)
 libgcc.a(*)

.ARM.attributes
                0x00000000       0x30
 *(.ARM.attributes)
 .ARM.attributes
                0x00000000       0x22 C:/ST/STM32CubeIDE_1.17.0/STM32CubeIDE/plugins/com.st.stm32cube.ide.mcu.externaltools.gnu-tools-for-stm32.12.3.rel1.win32_1.1.0.202410251130/tools/bin/../lib/gcc/arm-none-eabi/12.3.1/thumb/v7e-m+fp/hard/crti.o
 .ARM.attributes
                0x00000022       0x34 C:/ST/STM32CubeIDE_1.17.0/STM32CubeIDE/plugins/com.st.stm32cube.ide.mcu.externaltools.gnu-tools-for-stm32.12.3.rel1.win32_1.1.0.202410251130/tools/bin/../lib/gcc/arm-none-eabi/12.3.1/thumb/v7e-m+fp/hard/crtbegin.o
 .ARM.attributes
                0x00000056       0x21 ./Application/Startup/startup_stm32g474retx.o
 .ARM.attributes
                0x00000077       0x34 ./Application/User/main.o
 .ARM.attributes
                0x000000ab       0x34 ./Application/User/stm32g4xx_hal_msp.o
 .ARM.attributes
                0x000000df       0x34 ./Application/User/stm32g4xx_it.o
 .ARM.attributes
                0x00000113       0x34 ./Drivers/BSP/STM32G4xx_Nucleo/stm32g4xx_nucleo.o
 .ARM.attributes
                0x00000147       0x34 ./Drivers/CMSIS/system_stm32g4xx.o
 .ARM.attributes
                0x0000017b       0x34 ./Drivers/STM32G4xx_HAL_Driver/stm32g4xx_hal.o
 .ARM.attributes
                0x000001af       0x34 ./Drivers/STM32G4xx_HAL_Driver/stm32g4xx_hal_cortex.o
 .ARM.attributes
                0x000001e3       0x34 ./Drivers/STM32G4xx_HAL_Driver/stm32g4xx_hal_gpio.o
 .ARM.attributes
                0x00000217       0x34 ./Drivers/STM32G4xx_HAL_Driver/stm32g4xx_hal_hrtim.o
 .ARM.attributes
                0x0000024b       0x34 ./Drivers/STM32G4xx_HAL_Driver/stm32g4xx_hal_pwr_ex.o
 .ARM.attributes
                0x0000027f       0x34 ./Drivers/STM32G4xx_HAL_Driver/stm32g4xx_hal_rcc.o
 .ARM.attributes
                0x000002b3       0x34 C:/ST/STM32CubeIDE_1.17.0/STM32CubeIDE/plugins/com.st.stm32cube.ide.mcu.externaltools.gnu-tools-for-stm32.12.3.rel1.win32_1.1.0.202410251130/tools/bin/../lib/gcc/arm-none-eabi/12.3.1/../../../../arm-none-eabi/lib/thumb/v7e-m+fp/hard\libc_nano.a(libc_a-memset.o)
 .ARM.attributes
                0x000002e7       0x34 C:/ST/STM32CubeIDE_1.17.0/STM32CubeIDE/plugins/com.st.stm32cube.ide.mcu.externaltools.gnu-tools-for-stm32.12.3.rel1.win32_1.1.0.202410251130/tools/bin/../lib/gcc/arm-none-eabi/12.3.1/../../../../arm-none-eabi/lib/thumb/v7e-m+fp/hard\libc_nano.a(libc_a-init.o)
 .ARM.attributes
                0x0000031b       0x22 C:/ST/STM32CubeIDE_1.17.0/STM32CubeIDE/plugins/com.st.stm32cube.ide.mcu.externaltools.gnu-tools-for-stm32.12.3.rel1.win32_1.1.0.202410251130/tools/bin/../lib/gcc/arm-none-eabi/12.3.1/thumb/v7e-m+fp/hard/crtn.o
OUTPUT(HRTIM_Basic_SinglePWM.elf elf32-littlearm)
LOAD linker stubs
LOAD C:/ST/STM32CubeIDE_1.17.0/STM32CubeIDE/plugins/com.st.stm32cube.ide.mcu.externaltools.gnu-tools-for-stm32.12.3.rel1.win32_1.1.0.202410251130/tools/bin/../lib/gcc/arm-none-eabi/12.3.1/../../../../arm-none-eabi/lib/thumb/v7e-m+fp/hard\libc.a
LOAD C:/ST/STM32CubeIDE_1.17.0/STM32CubeIDE/plugins/com.st.stm32cube.ide.mcu.externaltools.gnu-tools-for-stm32.12.3.rel1.win32_1.1.0.202410251130/tools/bin/../lib/gcc/arm-none-eabi/12.3.1/../../../../arm-none-eabi/lib/thumb/v7e-m+fp/hard\libm.a
LOAD C:/ST/STM32CubeIDE_1.17.0/STM32CubeIDE/plugins/com.st.stm32cube.ide.mcu.externaltools.gnu-tools-for-stm32.12.3.rel1.win32_1.1.0.202410251130/tools/bin/../lib/gcc/arm-none-eabi/12.3.1/thumb/v7e-m+fp/hard\libgcc.a

.debug_line     0x00000000     0xb80c
 .debug_line    0x00000000       0x7b ./Application/Startup/startup_stm32g474retx.o
 .debug_line    0x0000007b      0x9c5 ./Application/User/main.o
 .debug_line    0x00000a40      0x7f9 ./Application/User/stm32g4xx_hal_msp.o
 .debug_line    0x00001239      0x865 ./Application/User/stm32g4xx_it.o
 .debug_line    0x00001a9e      0x9cf ./Drivers/BSP/STM32G4xx_Nucleo/stm32g4xx_nucleo.o
 .debug_line    0x0000246d      0x803 ./Drivers/CMSIS/system_stm32g4xx.o
 .debug_line    0x00002c70      0xbbe ./Drivers/STM32G4xx_HAL_Driver/stm32g4xx_hal.o
 .debug_line    0x0000382e      0xd51 ./Drivers/STM32G4xx_HAL_Driver/stm32g4xx_hal_cortex.o
 .debug_line    0x0000457f      0xbd7 ./Drivers/STM32G4xx_HAL_Driver/stm32g4xx_hal_gpio.o
 .debug_line    0x00005156     0x4a00 ./Drivers/STM32G4xx_HAL_Driver/stm32g4xx_hal_hrtim.o
 .debug_line    0x00009b56      0xd2d ./Drivers/STM32G4xx_HAL_Driver/stm32g4xx_hal_pwr_ex.o
 .debug_line    0x0000a883      0xf89 ./Drivers/STM32G4xx_HAL_Driver/stm32g4xx_hal_rcc.o

.debug_line_str
                0x00000000       0x87
 .debug_line_str
                0x00000000       0x87 ./Application/Startup/startup_stm32g474retx.o

.debug_info     0x00000000     0xb138
 .debug_info    0x00000000       0x30 ./Application/Startup/startup_stm32g474retx.o
 .debug_info    0x00000030     0x19e3 ./Application/User/main.o
 .debug_info    0x00001a13      0xeab ./Application/User/stm32g4xx_hal_msp.o
 .debug_info    0x000028be      0x14c ./Application/User/stm32g4xx_it.o
 .debug_info    0x00002a0a      0xc6d ./Drivers/BSP/STM32G4xx_Nucleo/stm32g4xx_nucleo.o
 .debug_info    0x00003677      0x58e ./Drivers/CMSIS/system_stm32g4xx.o
 .debug_info    0x00003c05      0xb95 ./Drivers/STM32G4xx_HAL_Driver/stm32g4xx_hal.o
 .debug_info    0x0000479a      0xdf9 ./Drivers/STM32G4xx_HAL_Driver/stm32g4xx_hal_cortex.o
 .debug_info    0x00005593      0x763 ./Drivers/STM32G4xx_HAL_Driver/stm32g4xx_hal_gpio.o
 .debug_info    0x00005cf6     0x3f23 ./Drivers/STM32G4xx_HAL_Driver/stm32g4xx_hal_hrtim.o
 .debug_info    0x00009c19      0x93f ./Drivers/STM32G4xx_HAL_Driver/stm32g4xx_hal_pwr_ex.o
 .debug_info    0x0000a558      0xbe0 ./Drivers/STM32G4xx_HAL_Driver/stm32g4xx_hal_rcc.o

.debug_abbrev   0x00000000     0x176a
 .debug_abbrev  0x00000000       0x24 ./Application/Startup/startup_stm32g474retx.o
 .debug_abbrev  0x00000024      0x26b ./Application/User/main.o
 .debug_abbrev  0x0000028f      0x1ed ./Application/User/stm32g4xx_hal_msp.o
 .debug_abbrev  0x0000047c       0xa0 ./Application/User/stm32g4xx_it.o
 .debug_abbrev  0x0000051c      0x262 ./Drivers/BSP/STM32G4xx_Nucleo/stm32g4xx_nucleo.o
 .debug_abbrev  0x0000077e      0x11a ./Drivers/CMSIS/system_stm32g4xx.o
 .debug_abbrev  0x00000898      0x271 ./Drivers/STM32G4xx_HAL_Driver/stm32g4xx_hal.o
 .debug_abbrev  0x00000b09      0x31c ./Drivers/STM32G4xx_HAL_Driver/stm32g4xx_hal_cortex.o
 .debug_abbrev  0x00000e25      0x1cb ./Drivers/STM32G4xx_HAL_Driver/stm32g4xx_hal_gpio.o
 .debug_abbrev  0x00000ff0      0x285 ./Drivers/STM32G4xx_HAL_Driver/stm32g4xx_hal_hrtim.o
 .debug_abbrev  0x00001275      0x22c ./Drivers/STM32G4xx_HAL_Driver/stm32g4xx_hal_pwr_ex.o
 .debug_abbrev  0x000014a1      0x2c9 ./Drivers/STM32G4xx_HAL_Driver/stm32g4xx_hal_rcc.o

.debug_aranges  0x00000000      0xb00
 .debug_aranges
                0x00000000       0x28 ./Application/Startup/startup_stm32g474retx.o
 .debug_aranges
                0x00000028       0x40 ./Application/User/main.o
 .debug_aranges
                0x00000068       0x38 ./Application/User/stm32g4xx_hal_msp.o
 .debug_aranges
                0x000000a0       0x68 ./Application/User/stm32g4xx_it.o
 .debug_aranges
                0x00000108       0x90 ./Drivers/BSP/STM32G4xx_Nucleo/stm32g4xx_nucleo.o
 .debug_aranges
                0x00000198       0x28 ./Drivers/CMSIS/system_stm32g4xx.o
 .debug_aranges
                0x000001c0      0x148 ./Drivers/STM32G4xx_HAL_Driver/stm32g4xx_hal.o
 .debug_aranges
                0x00000308      0x128 ./Drivers/STM32G4xx_HAL_Driver/stm32g4xx_hal_cortex.o
 .debug_aranges
                0x00000430       0x58 ./Drivers/STM32G4xx_HAL_Driver/stm32g4xx_hal_gpio.o
 .debug_aranges
                0x00000488      0x4a0 ./Drivers/STM32G4xx_HAL_Driver/stm32g4xx_hal_hrtim.o
 .debug_aranges
                0x00000928      0x140 ./Drivers/STM32G4xx_HAL_Driver/stm32g4xx_hal_pwr_ex.o
 .debug_aranges
                0x00000a68       0x98 ./Drivers/STM32G4xx_HAL_Driver/stm32g4xx_hal_rcc.o

.debug_str      0x00000000   0x104df5
 .debug_str     0x00000000       0xa3 ./Application/Startup/startup_stm32g474retx.o
 .debug_str     0x000000a3   0x101a5b ./Application/User/main.o
                             0x101e35 (size before relaxing)
 .debug_str     0x00101afe       0xb7 ./Application/User/stm32g4xx_hal_msp.o
                             0x100bac (size before relaxing)
 .debug_str     0x00101bb5      0x134 ./Application/User/stm32g4xx_it.o
                             0x100327 (size before relaxing)
 .debug_str     0x00101ce9      0x31b ./Drivers/BSP/STM32G4xx_Nucleo/stm32g4xx_nucleo.o
                             0x101361 (size before relaxing)
 .debug_str     0x00102004      0x12f ./Drivers/CMSIS/system_stm32g4xx.o
                             0x100410 (size before relaxing)
 .debug_str     0x00102133      0x625 ./Drivers/STM32G4xx_HAL_Driver/stm32g4xx_hal.o
                             0x101110 (size before relaxing)
 .debug_str     0x00102758      0x38d ./Drivers/STM32G4xx_HAL_Driver/stm32g4xx_hal_cortex.o
                             0x100dcc (size before relaxing)
 .debug_str     0x00102ae5      0x12d ./Drivers/STM32G4xx_HAL_Driver/stm32g4xx_hal_gpio.o
                             0x100589 (size before relaxing)
 .debug_str     0x00102c12     0x17b9 ./Drivers/STM32G4xx_HAL_Driver/stm32g4xx_hal_hrtim.o
                             0x1027f8 (size before relaxing)
 .debug_str     0x001043cb      0x4e2 ./Drivers/STM32G4xx_HAL_Driver/stm32g4xx_hal_pwr_ex.o
                             0x1008ec (size before relaxing)
 .debug_str     0x001048ad      0x548 ./Drivers/STM32G4xx_HAL_Driver/stm32g4xx_hal_rcc.o
                             0x100b1d (size before relaxing)

.debug_rnglists
                0x00000000      0x86a
 .debug_rnglists
                0x00000000       0x19 ./Application/Startup/startup_stm32g474retx.o
 .debug_rnglists
                0x00000019       0x2f ./Application/User/main.o
 .debug_rnglists
                0x00000048       0x25 ./Application/User/stm32g4xx_hal_msp.o
 .debug_rnglists
                0x0000006d       0x49 ./Application/User/stm32g4xx_it.o
 .debug_rnglists
                0x000000b6       0x68 ./Drivers/BSP/STM32G4xx_Nucleo/stm32g4xx_nucleo.o
 .debug_rnglists
                0x0000011e       0x1a ./Drivers/CMSIS/system_stm32g4xx.o
 .debug_rnglists
                0x00000138       0xf1 ./Drivers/STM32G4xx_HAL_Driver/stm32g4xx_hal.o
 .debug_rnglists
                0x00000229       0xda ./Drivers/STM32G4xx_HAL_Driver/stm32g4xx_hal_cortex.o
 .debug_rnglists
                0x00000303       0x3f ./Drivers/STM32G4xx_HAL_Driver/stm32g4xx_hal_gpio.o
 .debug_rnglists
                0x00000342      0x3c3 ./Drivers/STM32G4xx_HAL_Driver/stm32g4xx_hal_hrtim.o
 .debug_rnglists
                0x00000705       0xf1 ./Drivers/STM32G4xx_HAL_Driver/stm32g4xx_hal_pwr_ex.o
 .debug_rnglists
                0x000007f6       0x74 ./Drivers/STM32G4xx_HAL_Driver/stm32g4xx_hal_rcc.o

.debug_macro    0x00000000    0x25f91
 .debug_macro   0x00000000      0x1fa ./Application/User/main.o
 .debug_macro   0x000001fa      0xaba ./Application/User/main.o
 .debug_macro   0x00000cb4      0x15b ./Application/User/main.o
 .debug_macro   0x00000e0f       0x2e ./Application/User/main.o
 .debug_macro   0x00000e3d       0x28 ./Application/User/main.o
 .debug_macro   0x00000e65       0x22 ./Application/User/main.o
 .debug_macro   0x00000e87       0x8e ./Application/User/main.o
 .debug_macro   0x00000f15       0x51 ./Application/User/main.o
 .debug_macro   0x00000f66      0x103 ./Application/User/main.o
 .debug_macro   0x00001069       0x6a ./Application/User/main.o
 .debug_macro   0x000010d3      0x1df ./Application/User/main.o
 .debug_macro   0x000012b2       0x1c ./Application/User/main.o
 .debug_macro   0x000012ce       0x22 ./Application/User/main.o
 .debug_macro   0x000012f0       0xfb ./Application/User/main.o
 .debug_macro   0x000013eb     0x1011 ./Application/User/main.o
 .debug_macro   0x000023fc      0x11f ./Application/User/main.o
 .debug_macro   0x0000251b    0x18b8c ./Application/User/main.o
 .debug_macro   0x0001b0a7       0x6d ./Application/User/main.o
 .debug_macro   0x0001b114     0x3558 ./Application/User/main.o
 .debug_macro   0x0001e66c      0x189 ./Application/User/main.o
 .debug_macro   0x0001e7f5       0x5c ./Application/User/main.o
 .debug_macro   0x0001e851     0x171f ./Application/User/main.o
 .debug_macro   0x0001ff70      0x600 ./Application/User/main.o
 .debug_macro   0x00020570      0x1b6 ./Application/User/main.o
 .debug_macro   0x00020726      0x34a ./Application/User/main.o
 .debug_macro   0x00020a70      0x53c ./Application/User/main.o
 .debug_macro   0x00020fac      0x18b ./Application/User/main.o
 .debug_macro   0x00021137       0x43 ./Application/User/main.o
 .debug_macro   0x0002117a      0x23d ./Application/User/main.o
 .debug_macro   0x000213b7      0x211 ./Application/User/main.o
 .debug_macro   0x000215c8      0x45c ./Application/User/main.o
 .debug_macro   0x00021a24      0x11c ./Application/User/main.o
 .debug_macro   0x00021b40     0x20a8 ./Application/User/main.o
 .debug_macro   0x00023be8      0x122 ./Application/User/main.o
 .debug_macro   0x00023d0a      0x3d1 ./Application/User/main.o
 .debug_macro   0x000240db      0x693 ./Application/User/main.o
 .debug_macro   0x0002476e       0xa6 ./Application/User/main.o
 .debug_macro   0x00024814      0x358 ./Application/User/main.o
 .debug_macro   0x00024b6c       0x22 ./Application/User/main.o
 .debug_macro   0x00024b8e       0x52 ./Application/User/main.o
 .debug_macro   0x00024be0       0x1c ./Application/User/main.o
 .debug_macro   0x00024bfc       0x9e ./Application/User/main.o
 .debug_macro   0x00024c9a      0x1d3 ./Application/User/stm32g4xx_hal_msp.o
 .debug_macro   0x00024e6d      0x1dd ./Application/User/stm32g4xx_it.o
 .debug_macro   0x0002504a      0x1f1 ./Drivers/BSP/STM32G4xx_Nucleo/stm32g4xx_nucleo.o
 .debug_macro   0x0002523b       0x16 ./Drivers/BSP/STM32G4xx_Nucleo/stm32g4xx_nucleo.o
 .debug_macro   0x00025251      0x1ca ./Drivers/CMSIS/system_stm32g4xx.o
 .debug_macro   0x0002541b      0x212 ./Drivers/STM32G4xx_HAL_Driver/stm32g4xx_hal.o
 .debug_macro   0x0002562d      0x1c4 ./Drivers/STM32G4xx_HAL_Driver/stm32g4xx_hal_cortex.o
 .debug_macro   0x000257f1      0x1cb ./Drivers/STM32G4xx_HAL_Driver/stm32g4xx_hal_gpio.o
 .debug_macro   0x000259bc      0x1e1 ./Drivers/STM32G4xx_HAL_Driver/stm32g4xx_hal_hrtim.o
 .debug_macro   0x00025b9d      0x1ee ./Drivers/STM32G4xx_HAL_Driver/stm32g4xx_hal_pwr_ex.o
 .debug_macro   0x00025d8b      0x206 ./Drivers/STM32G4xx_HAL_Driver/stm32g4xx_hal_rcc.o

.comment        0x00000000       0x43
 .comment       0x00000000       0x43 ./Application/User/main.o
                                 0x44 (size before relaxing)
 .comment       0x00000043       0x44 ./Application/User/stm32g4xx_hal_msp.o
 .comment       0x00000043       0x44 ./Application/User/stm32g4xx_it.o
 .comment       0x00000043       0x44 ./Drivers/BSP/STM32G4xx_Nucleo/stm32g4xx_nucleo.o
 .comment       0x00000043       0x44 ./Drivers/CMSIS/system_stm32g4xx.o
 .comment       0x00000043       0x44 ./Drivers/STM32G4xx_HAL_Driver/stm32g4xx_hal.o
 .comment       0x00000043       0x44 ./Drivers/STM32G4xx_HAL_Driver/stm32g4xx_hal_cortex.o
 .comment       0x00000043       0x44 ./Drivers/STM32G4xx_HAL_Driver/stm32g4xx_hal_gpio.o
 .comment       0x00000043       0x44 ./Drivers/STM32G4xx_HAL_Driver/stm32g4xx_hal_hrtim.o
 .comment       0x00000043       0x44 ./Drivers/STM32G4xx_HAL_Driver/stm32g4xx_hal_pwr_ex.o
 .comment       0x00000043       0x44 ./Drivers/STM32G4xx_HAL_Driver/stm32g4xx_hal_rcc.o

.debug_frame    0x00000000     0x2e00
 .debug_frame   0x00000000       0xb8 ./Application/User/main.o
 .debug_frame   0x000000b8       0xa8 ./Application/User/stm32g4xx_hal_msp.o
 .debug_frame   0x00000160      0x128 ./Application/User/stm32g4xx_it.o
 .debug_frame   0x00000288      0x21c ./Drivers/BSP/STM32G4xx_Nucleo/stm32g4xx_nucleo.o
 .debug_frame   0x000004a4       0x58 ./Drivers/CMSIS/system_stm32g4xx.o
 .debug_frame   0x000004fc      0x500 ./Drivers/STM32G4xx_HAL_Driver/stm32g4xx_hal.o
 .debug_frame   0x000009fc      0x4e8 ./Drivers/STM32G4xx_HAL_Driver/stm32g4xx_hal_cortex.o
 .debug_frame   0x00000ee4      0x14c ./Drivers/STM32G4xx_HAL_Driver/stm32g4xx_hal_gpio.o
 .debug_frame   0x00001030     0x164c ./Drivers/STM32G4xx_HAL_Driver/stm32g4xx_hal_hrtim.o
 .debug_frame   0x0000267c      0x4fc ./Drivers/STM32G4xx_HAL_Driver/stm32g4xx_hal_pwr_ex.o
 .debug_frame   0x00002b78      0x23c ./Drivers/STM32G4xx_HAL_Driver/stm32g4xx_hal_rcc.o
 .debug_frame   0x00002db4       0x20 C:/ST/STM32CubeIDE_1.17.0/STM32CubeIDE/plugins/com.st.stm32cube.ide.mcu.externaltools.gnu-tools-for-stm32.12.3.rel1.win32_1.1.0.202410251130/tools/bin/../lib/gcc/arm-none-eabi/12.3.1/../../../../arm-none-eabi/lib/thumb/v7e-m+fp/hard\libc_nano.a(libc_a-memset.o)
 .debug_frame   0x00002dd4       0x2c C:/ST/STM32CubeIDE_1.17.0/STM32CubeIDE/plugins/com.st.stm32cube.ide.mcu.externaltools.gnu-tools-for-stm32.12.3.rel1.win32_1.1.0.202410251130/tools/bin/../lib/gcc/arm-none-eabi/12.3.1/../../../../arm-none-eabi/lib/thumb/v7e-m+fp/hard\libc_nano.a(libc_a-init.o)
